Archive member included to satisfy reference by file (symbol)

/opt/devkitpro/wups/lib/libwups.a(button_combo.o)
                              main.o (WUPSButtonComboAPI_InitInternal)
/opt/devkitpro/wups/lib/libwups.a(config_api.o)
                              main.o (WUPSConfigAPI_InitLibrary_Internal)
/opt/devkitpro/wups/lib/libwups.a(storage.o)
                              main.o (WUPSStorageAPI_InitInternal)
/opt/devkitpro/wups/lib/libwups.a(wups_reent.o)
                              main.o (WUPSReentAPI_InitInternal)
/opt/devkitpro/wut/lib/libwut.a(coreinit.o)
                              /opt/devkitpro/wups/lib/libwups.a(config_api.o) (OSDynLoad_Acquire)
/opt/devkitpro/wut/lib/libwut.a(nsysnet.o)
                              dns.o (htons)
/opt/devkitpro/wut/lib/libwut.a(crt0_rpl.o)
                              (__rpl_start)
/opt/devkitpro/wut/lib/libwut.a(wut_crt.o)
                              /opt/devkitpro/wut/lib/libwut.a(crt0_rpl.o) (__init_wut)
/opt/devkitpro/wut/lib/libwut.a(wut_newlib.o)
                              main.o (__init_wut_newlib)
/opt/devkitpro/wut/lib/libwut.a(wut_reent.o)
                              /opt/devkitpro/wut/lib/libwut.a(wut_newlib.o) (__wut_getreent)
/opt/devkitpro/wut/lib/libwut.a(wut_sbrk.o)
                              /opt/devkitpro/wut/lib/libwut.a(wut_newlib.o) (__wut_sbrk_r)
/opt/devkitpro/wut/lib/libwut.a(wut_thread.o)
                              main.o (__init_wut_thread)
/opt/devkitpro/wut/lib/libwut.a(wut_thread_specific.o)
                              /opt/devkitpro/wut/lib/libwut.a(wut_reent.o) (wut_set_thread_specific)
/opt/devkitpro/wut/lib/libwut.a(wut_malloc.o)
                              main.o (__init_wut_malloc)
/opt/devkitpro/wut/lib/libwut.a(recvfrom.o)
                              dns.o (recvfrom)
/opt/devkitpro/wut/lib/libwut.a(select.o)
                              dns.o (select)
/opt/devkitpro/wut/lib/libwut.a(sendto.o)
                              dns.o (sendto)
/opt/devkitpro/wut/lib/libwut.a(socket.o)
                              dns.o (socket)
/opt/devkitpro/wut/lib/libwut.a(wut_socket_common.o)
                              /opt/devkitpro/wut/lib/libwut.a(recvfrom.o) (__wut_get_nsysnet_fd)
/opt/devkitpro/wut/lib/libwut.a(wut_socket_open.o)
                              /opt/devkitpro/wut/lib/libwut.a(wut_socket_common.o) (__wut_socket_open)
/opt/devkitpro/wut/lib/libwut.a(wut_socket_read.o)
                              /opt/devkitpro/wut/lib/libwut.a(wut_socket_common.o) (__wut_socket_read)
/opt/devkitpro/wut/lib/libwut.a(wut_socket_write.o)
                              /opt/devkitpro/wut/lib/libwut.a(wut_socket_common.o) (__wut_socket_write)
/opt/devkitpro/wut/lib/libwut.a(devoptab_fsa.o)
                              /opt/devkitpro/wut/lib/libwut.a(wut_crt.o) (__init_wut_devoptab)
/opt/devkitpro/wut/lib/libwut.a(devoptab_fsa_dirclose.o)
                              /opt/devkitpro/wut/lib/libwut.a(devoptab_fsa.o) (__wut_fsa_dirclose)
/opt/devkitpro/wut/lib/libwut.a(devoptab_fsa_dirnext.o)
                              /opt/devkitpro/wut/lib/libwut.a(devoptab_fsa.o) (__wut_fsa_dirnext)
/opt/devkitpro/wut/lib/libwut.a(devoptab_fsa_diropen.o)
                              /opt/devkitpro/wut/lib/libwut.a(devoptab_fsa.o) (__wut_fsa_diropen)
/opt/devkitpro/wut/lib/libwut.a(devoptab_fsa_dirreset.o)
                              /opt/devkitpro/wut/lib/libwut.a(devoptab_fsa.o) (__wut_fsa_dirreset)
/opt/devkitpro/wut/lib/libwut.a(devoptab_fsa_fstat.o)
                              /opt/devkitpro/wut/lib/libwut.a(devoptab_fsa.o) (__wut_fsa_fstat)
/opt/devkitpro/wut/lib/libwut.a(devoptab_fsa_fsync.o)
                              /opt/devkitpro/wut/lib/libwut.a(devoptab_fsa.o) (__wut_fsa_fsync)
/opt/devkitpro/wut/lib/libwut.a(devoptab_fsa_mkdir.o)
                              /opt/devkitpro/wut/lib/libwut.a(devoptab_fsa.o) (__wut_fsa_mkdir)
/opt/devkitpro/wut/lib/libwut.a(devoptab_fsa_open.o)
                              /opt/devkitpro/wut/lib/libwut.a(devoptab_fsa.o) (__wut_fsa_open)
/opt/devkitpro/wut/lib/libwut.a(devoptab_fsa_read.o)
                              /opt/devkitpro/wut/lib/libwut.a(devoptab_fsa.o) (__wut_fsa_read)
/opt/devkitpro/wut/lib/libwut.a(devoptab_fsa_rename.o)
                              /opt/devkitpro/wut/lib/libwut.a(devoptab_fsa.o) (__wut_fsa_rename)
/opt/devkitpro/wut/lib/libwut.a(devoptab_fsa_rmdir.o)
                              /opt/devkitpro/wut/lib/libwut.a(devoptab_fsa.o) (__wut_fsa_rmdir)
/opt/devkitpro/wut/lib/libwut.a(devoptab_fsa_seek.o)
                              /opt/devkitpro/wut/lib/libwut.a(devoptab_fsa.o) (__wut_fsa_seek)
/opt/devkitpro/wut/lib/libwut.a(devoptab_fsa_stat.o)
                              /opt/devkitpro/wut/lib/libwut.a(devoptab_fsa.o) (__wut_fsa_stat)
/opt/devkitpro/wut/lib/libwut.a(devoptab_fsa_statvfs.o)
                              /opt/devkitpro/wut/lib/libwut.a(devoptab_fsa.o) (__wut_fsa_statvfs)
/opt/devkitpro/wut/lib/libwut.a(devoptab_fsa_truncate.o)
[...]
Memory Configuration

Name             Origin             Length             Attributes
codemem          0x02000000         0x0e000000         xrw
datamem          0x10000000         0x32000000         rw
loadmem          0xc0000000         0x08000000         xrw
*default*        0x00000000         0xffffffff

Linker script and memory map

                0x02000000                        . = ORIGIN (codemem)

.syscall
 *(.syscall .syscall.*)

.text           0x02000000     0xd5a8
 *(.crt0)
 .crt0          0x02000000       0x50 /opt/devkitpro/wut/lib/libwut.a(crt0_rpl.o)
                0x02000000                __rpl_start
 *(SORT_NONE(.init))
 .init          0x02000050        0xc /opt/devkitpro/devkitPPC/lib/gcc/powerpc-eabi/16.1.0/ecrti.o
                0x02000050                __init
 .init          0x0200005c        0x4 /opt/devkitpro/devkitPPC/lib/gcc/powerpc-eabi/16.1.0/crtbegin.o
 .init          0x02000060        0x4 /opt/devkitpro/devkitPPC/lib/gcc/powerpc-eabi/16.1.0/crtend.o
 .init          0x02000064       0x10 /opt/devkitpro/devkitPPC/lib/gcc/powerpc-eabi/16.1.0/ecrtn.o
 *(.text.unlikely .text.*_unlikely .text.unlikely.*)
 .text.unlikely.abort
                0x02000074       0x2c /opt/devkitpro/devkitPPC/lib/gcc/powerpc-eabi/16.1.0/../../../../powerpc-eabi/lib/libsysbase.a(libsysbase_libsysbase_a-abort.o)
                0x02000074                abort
 *(.text.exit .text.exit.*)
 .text.exit     0x020000a0       0x3c /opt/devkitpro/devkitPPC/lib/gcc/powerpc-eabi/16.1.0/../../../../powerpc-eabi/lib/libc.a(libc_a-exit.o)
                0x020000a0                exit
 *(.text.startup .text.startup.*)
 .text.startup.register_fini
                0x020000dc        0xc /opt/devkitpro/devkitPPC/lib/gcc/powerpc-eabi/16.1.0/../../../../powerpc-eabi/lib/libc.a(libc_a-__call_atexit.o)
 *(.text.hot .text.hot.*)
 *(SORT_BY_NAME(.text.sorted.*))
 *(.text .stub .text.* .gnu.linkonce.t.*)
 .text.__do_global_dtors_aux
                0x020000e8       0xcc /opt/devkitpro/devkitPPC/lib/gcc/powerpc-eabi/16.1.0/crtbegin.o
 .text.frame_dummy
                0x020001b4       0x24 /opt/devkitpro/devkitPPC/lib/gcc/powerpc-eabi/16.1.0/crtbegin.o
 .text.__init_wut
                0x020001d8       0x44 /opt/devkitpro/wut/lib/libwut.a(wut_crt.o)
                0x020001d8                __init_wut
 .text.__fini_wut
                0x0200021c       0x34 /opt/devkitpro/wut/lib/libwut.a(wut_crt.o)
                0x0200021c                __fini_wut
 .text.__wut__abort
                0x02000250       0x54 /opt/devkitpro/wut/lib/libwut.a(wut_newlib.o)
                                 0x34 (size before relaxing)
                0x02000250                __wut__abort
 .text.__wut__assert_func
                0x020002a4      0x178 /opt/devkitpro/wut/lib/libwut.a(wut_newlib.o)
                                0x148 (size before relaxing)
                0x020002a4                __wut__assert_func
 .text.__syscall_getreent
                0x0200041c        0x4 /opt/devkitpro/wut/lib/libwut.a(wut_newlib.o)
                0x0200041c                __syscall_getreent
 .text.__syscall_exit
                0x02000420       0x3c /opt/devkitpro/wut/lib/libwut.a(wut_newlib.o)
                0x02000420                __syscall_exit
 .text.__syscall_abort
                0x0200045c       0x10 /opt/devkitpro/wut/lib/libwut.a(wut_newlib.o)
                0x0200045c                __syscall_abort
 .text.__syscall_assert_func
                0x0200046c       0x10 /opt/devkitpro/wut/lib/libwut.a(wut_newlib.o)
                0x0200046c                __syscall_assert_func
 .text.__init_wut_newlib
                0x0200047c       0x14 /opt/devkitpro/wut/lib/libwut.a(wut_newlib.o)
                0x0200047c                __init_wut_newlib
 .text.__fini_wut_newlib
                0x02000490        0x4 /opt/devkitpro/wut/lib/libwut.a(wut_newlib.o)
                0x02000490                __fini_wut_newlib
 .text.__wut_thread_cleanup
                0x02000494       0xac /opt/devkitpro/wut/lib/libwut.a(wut_reent.o)
 .text.__wut_getreent
                0x02000540      0x12c /opt/devkitpro/wut/lib/libwut.a(wut_reent.o)
                                0x10c (size before relaxing)
                0x02000540                __wut_getreent
 .text.__fini_wut_sbrk_heap
                0x0200066c       0x88 /opt/devkitpro/wut/lib/libwut.a(wut_sbrk.o)
                                 0x78 (size before relaxing)
                0x0200066c                __fini_wut_sbrk_heap
 .text.__syscall_lock_acquire_recursive
                0x020006f4       0xec /opt/devkitpro/wut/lib/libwut.a(wut_thread.o)
                                 0xac (size before relaxing)
                0x020006f4                __syscall_lock_acquire_recursive
 .text.__syscall_lock_release_recursive
                0x020007e0       0xec /opt/devkitpro/wut/lib/libwut.a(wut_thread.o)
                                 0xac (size before relaxing)
                0x020007e0                __syscall_lock_release_recursive
 .text.wut_set_thread_specific
                0x020008cc       0x18 /opt/devkitpro/wut/lib/libwut.a(wut_thread_specific.o)
                                  0x8 (size before relaxing)
                0x020008cc                wut_set_thread_specific
 .text.wut_get_thread_specific
                0x020008e4       0x18 /opt/devkitpro/wut/lib/libwut.a(wut_thread_specific.o)
                                  0x8 (size before relaxing)
                0x020008e4                wut_get_thread_specific
 .text.__init_wut_malloc
                0x020008fc        0x4 /opt/devkitpro/wut/lib/libwut.a(wut_malloc.o)
                0x020008fc                __init_wut_malloc
 .text._malloc_r
                0x02000900       0x6c /opt/devkitpro/wut/lib/libwut.a(wut_malloc.o)
                0x02000900                _malloc_r
 .text._free_r  0x0200096c       0x18 /opt/devkitpro/wut/lib/libwut.a(wut_malloc.o)
                0x0200096c                _free_r
 .text._realloc_r
                0x02000984       0xf0 /opt/devkitpro/wut/lib/libwut.a(wut_malloc.o)
                                 0xe0 (size before relaxing)
                0x02000984                _realloc_r
 .text._calloc_r
                0x02000a74       0x9c /opt/devkitpro/wut/lib/libwut.a(wut_malloc.o)
                0x02000a74                _calloc_r
 .text._memalign_r
                0x02000b10       0x70 /opt/devkitpro/wut/lib/libwut.a(wut_malloc.o)
                0x02000b10                _memalign_r
 .text.__init_wut_socket
                0x02000b80       0x78 /opt/devkitpro/wut/lib/libwut.a(wut_socket_common.o)
                                 0x38 (size before relaxing)
                0x02000b80                __init_wut_socket
 .text.__fini_wut_socket
                0x02000bf8       0x60 /opt/devkitpro/wut/lib/libwut.a(wut_socket_common.o)
                                 0x30 (size before relaxing)
                0x02000bf8                __fini_wut_socket
 .text.__wut_get_nsysnet_result
                0x02000c58       0x90 /opt/devkitpro/wut/lib/libwut.a(wut_socket_common.o)
                                 0x80 (size before relaxing)
                0x02000c58                __wut_get_nsysnet_result
 .text.__wut_socket_open
                0x02000ce8       0x10 /opt/devkitpro/wut/lib/libwut.a(wut_socket_open.o)
                0x02000ce8                __wut_socket_open
 .text.__wut_socket_read
                0x02000cf8       0x58 /opt/devkitpro/wut/lib/libwut.a(wut_socket_read.o)
                                 0x48 (size before relaxing)
                0x02000cf8                __wut_socket_read
 .text.__wut_socket_write
                0x02000d50       0x58 /opt/devkitpro/wut/lib/libwut.a(wut_socket_write.o)
                                 0x48 (size before relaxing)
                0x02000d50                __wut_socket_write
 .text.__init_wut_devoptab
                0x02000da8      0x20c /opt/devkitpro/wut/lib/libwut.a(devoptab_fsa.o)
                                0x1bc (size before relaxing)
                0x02000da8                __init_wut_devoptab
 .text.__fini_wut_devoptab
                0x02000fb4       0xac /opt/devkitpro/wut/lib/libwut.a(devoptab_fsa.o)
                                 0x8c (size before relaxing)
                0x02000fb4                __fini_wut_devoptab
 .text.__wut_fsa_dirclose
                0x02001060       0xd0 /opt/devkitpro/wut/lib/libwut.a(devoptab_fsa_dirclose.o)
                                 0xa0 (size before relaxing)
                0x02001060                __wut_fsa_dirclose
 .text.__wut_fsa_dirnext
                0x02001130      0x1dc /opt/devkitpro/wut/lib/libwut.a(devoptab_fsa_dirnext.o)
                                0x1ac (size before relaxing)
                0x02001130                __wut_fsa_dirnext
 .text.__wut_fsa_diropen
                0x0200130c      0x1bc /opt/devkitpro/wut/lib/libwut.a(devoptab_fsa_diropen.o)
                                0x17c (size before relaxing)
                0x0200130c                __wut_fsa_diropen
 .text.__wut_fsa_dirreset
                0x020014c8       0xd0 /opt/devkitpro/wut/lib/libwut.a(devoptab_fsa_dirreset.o)
                                 0xa0 (size before relaxing)
                0x020014c8                __wut_fsa_dirreset
 .text.__wut_fsa_fstat
                0x02001598      0x104 /opt/devkitpro/wut/lib/libwut.a(devoptab_fsa_fstat.o)
                                 0xd4 (size before relaxing)
                0x02001598                __wut_fsa_fstat
 .text.__wut_fsa_fsync
                0x0200169c       0xcc /opt/devkitpro/wut/lib/libwut.a(devoptab_fsa_fsync.o)
                                 0x9c (size before relaxing)
                0x0200169c                __wut_fsa_fsync
 .text.__wut_fsa_mkdir
                0x02001768       0xf0 /opt/devkitpro/wut/lib/libwut.a(devoptab_fsa_mkdir.o)
                                 0xe0 (size before relaxing)
                0x02001768                __wut_fsa_mkdir
 .text.__wut_fsa_open
                0x02001858      0x53c /opt/devkitpro/wut/lib/libwut.a(devoptab_fsa_open.o)
                                0x4cc (size before relaxing)
                0x02001858                __wut_fsa_open
 .text.__wut_fsa_read
                0x02001d94      0x1ec /opt/devkitpro/wut/lib/libwut.a(devoptab_fsa_read.o)
                                0x1bc (size before relaxing)
                0x02001d94                __wut_fsa_read
 .text.__wut_fsa_rename
                0x02001f80      0x124 /opt/devkitpro/wut/lib/libwut.a(devoptab_fsa_rename.o)
                                0x114 (size before relaxing)
                0x02001f80                __wut_fsa_rename
 .text.__wut_fsa_rmdir
                0x020020a4       0xd4 /opt/devkitpro/wut/lib/libwut.a(devoptab_fsa_rmdir.o)
                                 0xc4 (size before relaxing)
                0x020020a4                __wut_fsa_rmdir
 .text.__wut_fsa_seek
                0x02002178      0x1c8 /opt/devkitpro/wut/lib/libwut.a(devoptab_fsa_seek.o)
                                0x188 (size before relaxing)
                0x02002178                __wut_fsa_seek
 .text.__wut_fsa_stat
                0x02002340      0x128 /opt/devkitpro/wut/lib/libwut.a(devoptab_fsa_stat.o)
                                0x118 (size before relaxing)
                0x02002340                __wut_fsa_stat
 .text.__wut_fsa_statvfs
                0x02002468      0x178 /opt/devkitpro/wut/lib/libwut.a(devoptab_fsa_statvfs.o)
                                0x168 (size before relaxing)
                0x02002468                __wut_fsa_statvfs
 .text.__wut_fsa_ftruncate
                0x020025e0      0x108 /opt/devkitpro/wut/lib/libwut.a(devoptab_fsa_truncate.o)
                                 0xc8 (size before relaxing)
                0x020025e0                __wut_fsa_ftruncate
 .text.__wut_fsa_unlink
                0x020026e8       0xd4 /opt/devkitpro/wut/lib/libwut.a(devoptab_fsa_unlink.o)
                                 0xc4 (size before relaxing)
                0x020026e8                __wut_fsa_unlink
 .text.__wut_fsa_hashstring
                0x020027bc       0x40 /opt/devkitpro/wut/lib/libwut.a(devoptab_fsa_utils.o)
                0x020027bc                __wut_fsa_hashstring
 .text.__wut_fsa_fixpath
                0x020027fc      0x368 /opt/devkitpro/wut/lib/libwut.a(devoptab_fsa_utils.o)
                0x020027fc                __wut_fsa_fixpath
 .text.__wut_fsa_translate_stat_mode
                0x02002b64       0x7c /opt/devkitpro/wut/lib/libwut.a(devoptab_fsa_utils.o)
                0x02002b64                __wut_fsa_translate_stat_mode
 .text.__wut_fsa_translate_stat
                0x02002be0      0x144 /opt/devkitpro/wut/lib/libwut.a(devoptab_fsa_utils.o)
                0x02002be0                __wut_fsa_translate_stat
 .text.__wut_fsa_translate_error
                0x02002d24       0x28 /opt/devkitpro/wut/lib/libwut.a(devoptab_fsa_utils.o)
                0x02002d24                __wut_fsa_translate_error
 .text.__wut_fsa_write
                0x02002d4c      0x204 /opt/devkitpro/wut/lib/libwut.a(devoptab_fsa_write.o)
                                0x1d4 (size before relaxing)
                0x02002d4c                __wut_fsa_write
 .text.__wut_socket_close
                0x02002f50       0x4c /opt/devkitpro/wut/lib/libwut.a(wut_socket_close.o)
                                 0x3c (size before relaxing)
                0x02002f50                __wut_socket_close
 .text.__wut_fsa_chdir
                0x02002f9c      0x12c /opt/devkitpro/wut/lib/libwut.a(devoptab_fsa_chdir.o)
                                0x11c (size before relaxing)
                0x02002f9c                __wut_fsa_chdir
 .text.__wut_fsa_chmod
                0x020030c8       0xf0 /opt/devkitpro/wut/lib/libwut.a(devoptab_fsa_chmod.o)
                                 0xe0 (size before relaxing)
                0x020030c8                __wut_fsa_chmod
 .text.__wut_fsa_close
                0x020031b8       0xcc /opt/devkitpro/wut/lib/libwut.a(devoptab_fsa_close.o)
                                 0x9c (size before relaxing)
                0x020031b8                __wut_fsa_close
 .text.__divdi3
                0x02003284      0x448 /opt/devkitpro/devkitPPC/lib/gcc/powerpc-eabi/16.1.0/libgcc.a(_divdi3.o)
                0x02003284                __divdi3
 .text.__udivdi3
                0x020036cc      0x3c4 /opt/devkitpro/devkitPPC/lib/gcc/powerpc-eabi/16.1.0/libgcc.a(_udivdi3.o)
                0x020036cc                __udivdi3
 .text          0x02003a90       0x48 /opt/devkitpro/devkitPPC/lib/gcc/powerpc-eabi/16.1.0/libgcc.a(eabi.o)
                0x02003a90                __eabi
 .text.chdir    0x02003ad8      0x1b8 /opt/devkitpro/devkitPPC/lib/gcc/powerpc-eabi/16.1.0/../../../../powerpc-eabi/lib/libsysbase.a(libsysbase_libsysbase_a-chdir.o)
                0x02003ad8                chdir
 .text._concatenate_path
                0x02003c90      0x27c /opt/devkitpro/devkitPPC/lib/gcc/powerpc-eabi/16.1.0/../../../../powerpc-eabi/lib/libsysbase.a(libsysbase_libsysbase_a-concatenate.o)
                0x02003c90                _concatenate_path
 .text.__getreent
                0x02003f0c       0x20 /opt/devkitpro/devkitPPC/lib/gcc/powerpc-eabi/16.1.0/../../../../powerpc-eabi/lib/libsysbase.a(libsysbase_libsysbase_a-getreent.o)
                0x02003f0c                __getreent
 .text.null_write
                0x02003f2c        0x8 /opt/devkitpro/devkitPPC/lib/gcc/powerpc-eabi/16.1.0/../../../../powerpc-eabi/lib/libsysbase.a(libsysbase_libsysbase_a-iosupport.o)
 .text.setDefaultDevice
                0x02003f34       0x18 /opt/devkitpro/devkitPPC/lib/gcc/powerpc-eabi/16.1.0/../../../../powerpc-eabi/lib/libsysbase.a(libsysbase_libsysbase_a-iosupport.o)
                0x02003f34                setDefaultDevice
 .text.FindDevice
                0x02003f4c      0x108 /opt/devkitpro/devkitPPC/lib/gcc/powerpc-eabi/16.1.0/../../../../powerpc-eabi/lib/libsysbase.a(libsysbase_libsysbase_a-iosupport.o)
                0x02003f4c                FindDevice
 .text.RemoveDevice
                0x02004054       0x40 /opt/devkitpro/devkitPPC/lib/gcc/powerpc-eabi/16.1.0/../../../../powerpc-eabi/lib/libsysbase.a(libsysbase_libsysbase_a-iosupport.o)
                0x02004054                RemoveDevice
 .text.AddDevice
                0x02004094       0xf4 /opt/devkitpro/devkitPPC/lib/gcc/powerpc-eabi/16.1.0/../../../../powerpc-eabi/lib/libsysbase.a(libsysbase_libsysbase_a-iosupport.o)
                0x02004094                AddDevice
 .text.__libc_lock_acquire_recursive
                0x02004188       0x14 /opt/devkitpro/devkitPPC/lib/gcc/powerpc-eabi/16.1.0/../../../../powerpc-eabi/lib/libsysbase.a(libsysbase_libsysbase_a-syscall_support.o)
                0x02004188                __libc_lock_acquire_recursive
 .text.__libc_lock_release_recursive
                0x0200419c       0x14 /opt/devkitpro/devkitPPC/lib/gcc/powerpc-eabi/16.1.0/../../../../powerpc-eabi/lib/libsysbase.a(libsysbase_libsysbase_a-syscall_support.o)
                0x0200419c                __libc_lock_release_recursive
 .text._exit    0x020041b0       0x28 /opt/devkitpro/devkitPPC/lib/gcc/powerpc-eabi/16.1.0/../../../../powerpc-eabi/lib/libsysbase.a(libsysbase_libsysbase_a-_exit.o)
                0x020041b0                _exit
 .text.memcpy   0x020041d8      0x14c /opt/devkitpro/devkitPPC/lib/gcc/powerpc-eabi/16.1.0/../../../../powerpc-eabi/lib/libc.a(libc_a-memcpy.o)
                0x020041d8                memcpy
 .text.strlen   0x02004324       0x80 /opt/devkitpro/devkitPPC/lib/gcc/powerpc-eabi/16.1.0/../../../../powerpc-eabi/lib/libc.a(libc_a-strlen.o)
                0x02004324                strlen
 .text.memalign
                0x020043a4       0x40 /opt/devkitpro/devkitPPC/lib/gcc/powerpc-eabi/16.1.0/../../../../powerpc-eabi/lib/libc.a(libc_a-malign.o)
                0x020043a4                memalign
 .text._wcrtomb_r
                0x020043e4      0x104 /opt/devkitpro/devkitPPC/lib/gcc/powerpc-eabi/16.1.0/../../../../powerpc-eabi/lib/libc.a(libc_a-wcrtomb.o)
                0x020043e4                _wcrtomb_r
 .text.snprintf
                0x020044e8      0x130 /opt/devkitpro/devkitPPC/lib/gcc/powerpc-eabi/16.1.0/../../../../powerpc-eabi/lib/libc.a(libc_a-snprintf.o)
                0x020044e8                snprintf
 .text.memchr   0x02004618      0x148 /opt/devkitpro/devkitPPC/lib/gcc/powerpc-eabi/16.1.0/../../../../powerpc-eabi/lib/libc.a(libc_a-memchr.o)
                0x02004618                memchr
 .text.__ssprint_r
                0x02004760      0x10c /opt/devkitpro/devkitPPC/lib/gcc/powerpc-eabi/16.1.0/../../../../powerpc-eabi/lib/libc.a(libc_a-ssprint_r.o)
                0x02004760                __ssprint_r
 .text.strchr   0x0200486c      0x154 /opt/devkitpro/devkitPPC/lib/gcc/powerpc-eabi/16.1.0/../../../../powerpc-eabi/lib/libc.a(libc_a-strchr.o)
                0x0200486c                strchr
 .text.__errno  0x020049c0       0x20 /opt/devkitpro/devkitPPC/lib/gcc/powerpc-eabi/16.1.0/../../../../powerpc-eabi/lib/libc.a(libc_a-errno.o)
                0x020049c0                __errno
 .text.__locale_mb_cur_max
                0x020049e0       0x4c /opt/devkitpro/devkitPPC/lib/gcc/powerpc-eabi/16.1.0/../../../../powerpc-eabi/lib/libc.a(libc_a-locale.o)
                0x020049e0                __locale_mb_cur_max
 .text.memset   0x02004a2c      0x180 /opt/devkitpro/devkitPPC/lib/gcc/powerpc-eabi/16.1.0/../../../../powerpc-eabi/lib/libc.a(libc_a-memset.o)
                0x02004a2c                memset
 .text.quorem   0x02004bac      0x340 /opt/devkitpro/devkitPPC/lib/gcc/powerpc-eabi/16.1.0/../../../../powerpc-eabi/lib/libc.a(libc_a-dtoa.o)
 .text._dtoa_r  0x02004eec     0x1720 /opt/devkitpro/devkitPPC/lib/gcc/powerpc-eabi/16.1.0/../../../../powerpc-eabi/lib/libc.a(libc_a-dtoa.o)
                0x02004eec                _dtoa_r
 .text.strncpy  0x0200660c      0x104 /opt/devkitpro/devkitPPC/lib/gcc/powerpc-eabi/16.1.0/../../../../powerpc-eabi/lib/libc.a(libc_a-strncpy.o)
                0x0200660c                strncpy
 .text.strcmp   0x02006710       0x9c /opt/devkitpro/devkitPPC/lib/gcc/powerpc-eabi/16.1.0/../../../../powerpc-eabi/lib/libc.a(libc_a-strcmp.o)
                0x02006710                strcmp
 .text.malloc   0x020067ac       0x58 /opt/devkitpro/devkitPPC/lib/gcc/powerpc-eabi/16.1.0/../../../../powerpc-eabi/lib/libc.a(libc_a-malloc.o)
                0x020067ac                malloc
 .text.free     0x02006804       0x30 /opt/devkitpro/devkitPPC/lib/gcc/powerpc-eabi/16.1.0/../../../../powerpc-eabi/lib/libc.a(libc_a-malloc.o)
                0x02006804                free
 .text._wcsrtombs_r
                0x02006834       0x10 /opt/devkitpro/devkitPPC/lib/gcc/powerpc-eabi/16.1.0/../../../../powerpc-eabi/lib/libc.a(libc_a-wcsrtombs.o)
                0x02006834                _wcsrtombs_r
 .text.strrchr  0x02006844       0x78 /opt/devkitpro/devkitPPC/lib/gcc/powerpc-eabi/16.1.0/../../../../powerpc-eabi/lib/libc.a(libc_a-strrchr.o)
                0x02006844                strrchr
 .text._localeconv_r
                0x020068bc       0x4c /opt/devkitpro/devkitPPC/lib/gcc/powerpc-eabi/16.1.0/../../../../powerpc-eabi/lib/libc.a(libc_a-localeconv.o)
                0x020068bc                _localeconv_r
 .text.memmove  0x02006908      0x254 /opt/devkitpro/devkitPPC/lib/gcc/powerpc-eabi/16.1.0/../../../../powerpc-eabi/lib/libc.a(libc_a-memmove.o)
                0x02006908                memmove
 .text.strdup   0x02006b5c       0x30 /opt/devkitpro/devkitPPC/lib/gcc/powerpc-eabi/16.1.0/../../../../powerpc-eabi/lib/libc.a(libc_a-strdup.o)
                0x02006b5c                strdup
 .text._reclaim_reent
                0x02006b8c      0x10c /opt/devkitpro/devkitPPC/lib/gcc/powerpc-eabi/16.1.0/../../../../powerpc-eabi/lib/libc.a(libc_a-reent.o)
                0x02006b8c                _reclaim_reent
 .text.get_arg  0x02006c98      0x7bc /opt/devkitpro/devkitPPC/lib/gcc/powerpc-eabi/16.1.0/../../../../powerpc-eabi/lib/libc.a(libc_a-svfprintf.o)
 .text._svfprintf_r
                0x02007454     0x39f8 /opt/devkitpro/devkitPPC/lib/gcc/powerpc-eabi/16.1.0/../../../../powerpc-eabi/lib/libc.a(libc_a-svfprintf.o)
                0x02007454                _svfprintf_r
 .text.__ssputs_r
                0x0200ae4c      0x194 /opt/devkitpro/devkitPPC/lib/gcc/powerpc-eabi/16.1.0/../../../../powerpc-eabi/lib/libc.a(libc_a-ssputs_r.o)
                0x0200ae4c                __ssputs_r
 .text.__utf8_wctomb
                0x0200afe0      0x108 /opt/devkitpro/devkitPPC/lib/gcc/powerpc-eabi/16.1.0/../../../../powerpc-eabi/lib/libc.a(libc_a-wctomb_r.o)
                0x0200afe0                __utf8_wctomb
 .text.strnlen  0x0200b0e8       0xc0 /opt/devkitpro/devkitPPC/lib/gcc/powerpc-eabi/16.1.0/../../../../powerpc-eabi/lib/libc.a(libc_a-strnlen.o)
                0x0200b0e8                strnlen
 .text.strncmp  0x0200b1a8       0xc8 /opt/devkitpro/devkitPPC/lib/gcc/powerpc-eabi/16.1.0/../../../../powerpc-eabi/lib/libc.a(libc_a-strncmp.o)
                0x0200b1a8                strncmp
 .text._wcsnrtombs_l
                0x0200b270      0x1e4 /opt/devkitpro/devkitPPC/lib/gcc/powerpc-eabi/16.1.0/../../../../powerpc-eabi/lib/libc.a(libc_a-wcsnrtombs.o)
                0x0200b270                _wcsnrtombs_l
 .text._wcsnrtombs_r
                0x0200b454       0xd8 /opt/devkitpro/devkitPPC/lib/gcc/powerpc-eabi/16.1.0/../../../../powerpc-eabi/lib/libc.a(libc_a-wcsnrtombs.o)
                0x0200b454                _wcsnrtombs_r
 .text.frexp    0x0200b52c       0x90 /opt/devkitpro/devkitPPC/lib/gcc/powerpc-eabi/16.1.0/../../../../powerpc-eabi/lib/libc.a(libm_a-s_frexp.o)
                0x0200b52c                frexp
 .text._strdup_r
                0x0200b5bc       0x70 /opt/devkitpro/devkitPPC/lib/gcc/powerpc-eabi/16.1.0/../../../../powerpc-eabi/lib/libc.a(libc_a-strdup_r.o)
                0x0200b5bc                _strdup_r
 .text._Balloc  0x0200b62c       0xf4 /opt/devkitpro/devkitPPC/lib/gcc/powerpc-eabi/16.1.0/../../../../powerpc-eabi/lib/libc.a(libc_a-mprec.o)
                0x0200b62c                _Balloc
 .text._Bfree   0x0200b720       0x24 /opt/devkitpro/devkitPPC/lib/gcc/powerpc-eabi/16.1.0/../../../../powerpc-eabi/lib/libc.a(libc_a-mprec.o)
                0x0200b720                _Bfree
 .text.__multadd
                0x0200b744      0x174 /opt/devkitpro/devkitPPC/lib/gcc/powerpc-eabi/16.1.0/../../../../powerpc-eabi/lib/libc.a(libc_a-mprec.o)
                0x0200b744                __multadd
 .text.__hi0bits
                0x0200b8b8       0x98 /opt/devkitpro/devkitPPC/lib/gcc/powerpc-eabi/16.1.0/../../../../powerpc-eabi/lib/libc.a(libc_a-mprec.o)
                0x0200b8b8                __hi0bits
 .text.__lo0bits
                0x0200b950      0x10c /opt/devkitpro/devkitPPC/lib/gcc/powerpc-eabi/16.1.0/../../../../powerpc-eabi/lib/libc.a(libc_a-mprec.o)
                0x0200b950                __lo0bits
 .text.__i2b    0x0200ba5c      0x108 /opt/devkitpro/devkitPPC/lib/gcc/powerpc-eabi/16.1.0/../../../../powerpc-eabi/lib/libc.a(libc_a-mprec.o)
                0x0200ba5c                __i2b
 .text.__multiply
                0x0200bb64      0x338 /opt/devkitpro/devkitPPC/lib/gcc/powerpc-eabi/16.1.0/../../../../powerpc-eabi/lib/libc.a(libc_a-mprec.o)
                0x0200bb64                __multiply
 .text.__pow5mult
                0x0200be9c      0x19c /opt/devkitpro/devkitPPC/lib/gcc/powerpc-eabi/16.1.0/../../../../powerpc-eabi/lib/libc.a(libc_a-mprec.o)
                0x0200be9c                __pow5mult
 .text.__lshift
                0x0200c038      0x26c /opt/devkitpro/devkitPPC/lib/gcc/powerpc-eabi/16.1.0/../../../../powerpc-eabi/lib/libc.a(libc_a-mprec.o)
                0x0200c038                __lshift
 .text.__mcmp   0x0200c2a4       0xdc /opt/devkitpro/devkitPPC/lib/gcc/powerpc-eabi/16.1.0/../../../../powerpc-eabi/lib/libc.a(libc_a-mprec.o)
                0x0200c2a4                __mcmp
 .text.__mdiff  0x0200c380      0x314 /opt/devkitpro/devkitPPC/lib/gcc/powerpc-eabi/16.1.0/../../../../powerpc-eabi/lib/libc.a(libc_a-mprec.o)
                0x0200c380                __mdiff
 .text.__d2b    0x0200c694      0x194 /opt/devkitpro/devkitPPC/lib/gcc/powerpc-eabi/16.1.0/../../../../powerpc-eabi/lib/libc.a(libc_a-mprec.o)
                0x0200c694                __d2b
 .text.__utf8_mbtowc
                0x0200c828      0x604 /opt/devkitpro/devkitPPC/lib/gcc/powerpc-eabi/16.1.0/../../../../powerpc-eabi/lib/libc.a(libc_a-mbtowc_r.o)
                0x0200c828                __utf8_mbtowc
 .text.__call_exitprocs
                0x0200ce2c      0x208 /opt/devkitpro/devkitPPC/lib/gcc/powerpc-eabi/16.1.0/../../../../powerpc-eabi/lib/libc.a(libc_a-__call_atexit.o)
                0x0200ce2c                __call_exitprocs
 .text.atexit   0x0200d034       0x14 /opt/devkitpro/devkitPPC/lib/gcc/powerpc-eabi/16.1.0/../../../../powerpc-eabi/lib/libc.a(libc_a-atexit.o)
                0x0200d034                atexit
 .text.__register_exitproc
                0x0200d048       0xf4 /opt/devkitpro/devkitPPC/lib/gcc/powerpc-eabi/16.1.0/../../../../powerpc-eabi/lib/libc.a(libc_a-__atexit.o)
                0x0200d048                __register_exitproc
 .text.__assert_func
                0x0200d13c       0x24 /opt/devkitpro/devkitPPC/lib/gcc/powerpc-eabi/16.1.0/../../../../powerpc-eabi/lib/libsysbase.a(libsysbase_libsysbase_a-assert.o)
                0x0200d13c                __assert_func
 .text.__umoddi3
                0x0200d160      0x380 /opt/devkitpro/devkitPPC/lib/gcc/powerpc-eabi/16.1.0/libgcc.a(_umoddi3.o)
                0x0200d160                __umoddi3
 .text          0x0200d4e0       0x58 /opt/devkitpro/devkitPPC/lib/gcc/powerpc-eabi/16.1.0/libgcc.a(crtresxgpr.o)
                0x0200d4e0                _restgpr_14_x
                0x0200d4e4                _restgpr_15_x
                0x0200d4e8                _restgpr_16_x
                0x0200d4ec                _restgpr_17_x
                0x0200d4f0                _restgpr_18_x
                0x0200d4f4                _restgpr_19_x
                0x0200d4f8                _restgpr_20_x
                0x0200d4fc                _restgpr_21_x
                0x0200d500                _restgpr_22_x
                0x0200d504                _restgpr_23_x
                0x0200d508                _restgpr_24_x
                0x0200d50c                _restgpr_25_x
                0x0200d510                _restgpr_26_x
                0x0200d514                _restgpr_27_x
                0x0200d518                _restgpr_28_x
                0x0200d51c                _restgpr_29_x
                0x0200d520                _restgpr_30_x
                0x0200d524                _restgpr_31_x
 .text.__do_global_ctors_aux
                0x0200d538       0x50 /opt/devkitpro/devkitPPC/lib/gcc/powerpc-eabi/16.1.0/crtend.o
 *(.gnu.warning)
 *(.glink)
 .glink         0x0200d588        0x0 /opt/devkitpro/devkitPPC/lib/gcc/powerpc-eabi/16.1.0/crtbegin.o
 *(SORT_NONE(.fini))
 .fini          0x0200d588        0xc /opt/devkitpro/devkitPPC/lib/gcc/powerpc-eabi/16.1.0/ecrti.o
                0x0200d588                __fini
 .fini          0x0200d594        0x4 /opt/devkitpro/devkitPPC/lib/gcc/powerpc-eabi/16.1.0/crtbegin.o
 .fini          0x0200d598       0x10 /opt/devkitpro/devkitPPC/lib/gcc/powerpc-eabi/16.1.0/ecrtn.o
                0x10000000                        . = ORIGIN (datamem)

.rodata         0x10000000      0xa60
 *(.sdata2 .sdata2.* .gnu.linkonce.s2.*)
 .sdata2        0x10000000        0x0 /opt/devkitpro/devkitPPC/lib/gcc/powerpc-eabi/16.1.0/ecrti.o
                0x10000000                __SDATA2_START__
 .sdata2        0x10000000        0x0 /opt/devkitpro/devkitPPC/lib/gcc/powerpc-eabi/16.1.0/crtbegin.o
                0x10008000                _SDA2_BASE_
 *(.sbss2 .sbss2.* .gnu.linkonce.sb2.*)
 .sbss2         0x10000000        0x0 /opt/devkitpro/devkitPPC/lib/gcc/powerpc-eabi/16.1.0/ecrtn.o
                0x10000000                __SBSS2_END__
 *(.rodata .rodata.* .gnu.linkonce.r.*)
 .rodata.__wut__abort.str1.4
                0x10000000      0x215 /opt/devkitpro/wut/lib/libwut.a(wut_newlib.o)
                                  0xf (size before relaxing)
 .rodata.__wut__assert_func.str1.4
                0x10000215        0x0 /opt/devkitpro/wut/lib/libwut.a(wut_newlib.o)
                                 0x43 (size before relaxing)
 .rodata.__wut_socket_fini_devoptab.str1.4
                0x10000215        0x0 /opt/devkitpro/wut/lib/libwut.a(wut_socket_common.o)
                                  0x5 (size before relaxing)
 .rodata.__wut_get_nsysnet_fd.str1.4
                0x10000215        0x0 /opt/devkitpro/wut/lib/libwut.a(wut_socket_common.o)
                                  0x4 (size before relaxing)
 *fill*         0x10000215        0x3 
 .rodata.__wut_nsysnet_error_code_map
                0x10000218       0x34 /opt/devkitpro/wut/lib/libwut.a(wut_socket_common.o)
 .rodata.__init_wut_devoptab.str1.4
                0x1000024c        0x0 /opt/devkitpro/wut/lib/libwut.a(devoptab_fsa.o)
                                 0x33 (size before relaxing)
 .rodata.str1.4
                0x1000024c        0x0 /opt/devkitpro/wut/lib/libwut.a(devoptab_fsa.o)
                                  0x3 (size before relaxing)
 .rodata._ZL18__wut_fsa_devoptab
                0x1000024c       0x80 /opt/devkitpro/wut/lib/libwut.a(devoptab_fsa.o)
 .rodata.__wut_fsa_dirnext.str1.4
                0x100002cc        0x0 /opt/devkitpro/wut/lib/libwut.a(devoptab_fsa_dirnext.o)
                                  0xb (size before relaxing)
 .rodata.__wut_fsa_diropen.str1.4
                0x100002cc        0x0 /opt/devkitpro/wut/lib/libwut.a(devoptab_fsa_diropen.o)
                                  0x3 (size before relaxing)
 .rodata.__wut_fsa_open.str1.4
                0x100002cc        0x0 /opt/devkitpro/wut/lib/libwut.a(devoptab_fsa_open.o)
                                 0x1b (size before relaxing)
 .rodata.__wut_fsa_fixpath.str1.4
                0x100002cc        0x0 /opt/devkitpro/wut/lib/libwut.a(devoptab_fsa_utils.o)
                                  0xb (size before relaxing)
 .rodata.CSWTCH.24
                0x100002cc       0x42 /opt/devkitpro/wut/lib/libwut.a(devoptab_fsa_utils.o)
 .rodata.__wut_fsa_chdir.str1.4
                0x1000030e        0x0 /opt/devkitpro/wut/lib/libwut.a(devoptab_fsa_chdir.o)
                                  0x3 (size before relaxing)
 .rodata.str1.4
                0x1000030e        0x0 /opt/devkitpro/devkitPPC/lib/gcc/powerpc-eabi/16.1.0/../../../../powerpc-eabi/lib/libsysbase.a(libsysbase_libsysbase_a-iosupport.o)
                                  0x8 (size before relaxing)
 *fill*         0x1000030e        0x2 
 .rodata.dotab_stdnull
                0x10000310       0x80 /opt/devkitpro/devkitPPC/lib/gcc/powerpc-eabi/16.1.0/../../../../powerpc-eabi/lib/libsysbase.a(libsysbase_libsysbase_a-iosupport.o)
                0x10000310                dotab_stdnull
 .rodata.__action_table
                0x10000390       0x6c /opt/devkitpro/devkitPPC/lib/gcc/powerpc-eabi/16.1.0/../../../../powerpc-eabi/lib/libc.a(libc_a-svfiprintf.o)
                0x10000390                __action_table
 .rodata.__state_table
                0x100003fc       0x6c /opt/devkitpro/devkitPPC/lib/gcc/powerpc-eabi/16.1.0/../../../../powerpc-eabi/lib/libc.a(libc_a-svfiprintf.o)
                0x100003fc                __state_table
 .rodata.__chclass
                0x10000468      0x100 /opt/devkitpro/devkitPPC/lib/gcc/powerpc-eabi/16.1.0/../../../../powerpc-eabi/lib/libc.a(libc_a-svfiprintf.o)
                0x10000468                __chclass
 .rodata.str1.4
                0x10000568        0x0 /opt/devkitpro/devkitPPC/lib/gcc/powerpc-eabi/16.1.0/../../../../powerpc-eabi/lib/libc.a(libc_a-locale.o)
                                 0x4c (size before relaxing)
 .rodata._dtoa_r.str1.4
                0x10000568        0x0 /opt/devkitpro/devkitPPC/lib/gcc/powerpc-eabi/16.1.0/../../../../powerpc-eabi/lib/libc.a(libc_a-dtoa.o)
                                 0x9c (size before relaxing)
 .rodata.cst4   0x10000568       0x30 /opt/devkitpro/devkitPPC/lib/gcc/powerpc-eabi/16.1.0/../../../../powerpc-eabi/lib/libc.a(libc_a-dtoa.o)
                                 0x24 (size before relaxing)
 .rodata.cst8   0x10000598       0x20 /opt/devkitpro/devkitPPC/lib/gcc/powerpc-eabi/16.1.0/../../../../powerpc-eabi/lib/libc.a(libc_a-dtoa.o)
                                 0x18 (size before relaxing)
 .rodata.get_arg
                0x100005b8       0xb0 /opt/devkitpro/devkitPPC/lib/gcc/powerpc-eabi/16.1.0/../../../../powerpc-eabi/lib/libc.a(libc_a-svfprintf.o)
 .rodata._svfprintf_r.str1.1
                0x10000668       0x3b /opt/devkitpro/devkitPPC/lib/gcc/powerpc-eabi/16.1.0/../../../../powerpc-eabi/lib/libc.a(libc_a-svfprintf.o)
 *fill*         0x100006a3        0x1 
 .rodata._svfprintf_r
                0x100006a4      0x16c /opt/devkitpro/devkitPPC/lib/gcc/powerpc-eabi/16.1.0/../../../../powerpc-eabi/lib/libc.a(libc_a-svfprintf.o)
 .rodata.zeroes.0
                0x10000810       0x10 /opt/devkitpro/devkitPPC/lib/gcc/powerpc-eabi/16.1.0/../../../../powerpc-eabi/lib/libc.a(libc_a-svfprintf.o)
 .rodata.blanks.1
                0x10000820       0x10 /opt/devkitpro/devkitPPC/lib/gcc/powerpc-eabi/16.1.0/../../../../powerpc-eabi/lib/libc.a(libc_a-svfprintf.o)
 .rodata.cst4   0x10000830        0x0 /opt/devkitpro/devkitPPC/lib/gcc/powerpc-eabi/16.1.0/../../../../powerpc-eabi/lib/libc.a(libc_a-svfprintf.o)
                                 0x14 (size before relaxing)
 .rodata.cst8   0x10000830        0x0 /opt/devkitpro/devkitPPC/lib/gcc/powerpc-eabi/16.1.0/../../../../powerpc-eabi/lib/libc.a(libc_a-svfprintf.o)
                                  0x8 (size before relaxing)
 .rodata._ctype_
                0x10000830      0x101 /opt/devkitpro/devkitPPC/lib/gcc/powerpc-eabi/16.1.0/../../../../powerpc-eabi/lib/libc.a(libc_a-ctype_.o)
                0x10000830                _ctype_
 .rodata.cst4   0x10000931        0x0 /opt/devkitpro/devkitPPC/lib/gcc/powerpc-eabi/16.1.0/../../../../powerpc-eabi/lib/libc.a(libm_a-s_frexp.o)
                                  0x4 (size before relaxing)
 .rodata.__multadd.str1.4
                0x10000931        0x0 /opt/devkitpro/devkitPPC/lib/gcc/powerpc-eabi/16.1.0/../../../../powerpc-eabi/lib/libc.a(libc_a-mprec.o)
                                 0x89 (size before relaxing)
 *fill*         0x10000931        0x3 
 .rodata.p05.0  0x10000934        0xc /opt/devkitpro/devkitPPC/lib/gcc/powerpc-eabi/16.1.0/../../../../powerpc-eabi/lib/libc.a(libc_a-mprec.o)
 .rodata.__mprec_bigtens
                0x10000940       0x28 /opt/devkitpro/devkitPPC/lib/gcc/powerpc-eabi/16.1.0/../../../../powerpc-eabi/lib/libc.a(libc_a-mprec.o)
                0x10000940                __mprec_bigtens
 .rodata.__mprec_tens
                0x10000968       0xc8 /opt/devkitpro/devkitPPC/lib/gcc/powerpc-eabi/16.1.0/../../../../powerpc-eabi/lib/libc.a(libc_a-mprec.o)
                0x10000968                __mprec_tens
 *(.rodata1)
 *(.gcc_except_table .gcc_except_table.*)
 *(.gnu_extab*)
                0x10000a30                        . = ALIGN (0x4)
                [!provide]                        PROVIDE (__preinit_array_start = .)
 *(.preinit_array)
                [!provide]                        PROVIDE (__preinit_array_end = .)
                [!provide]                        PROVIDE (__init_array_start = .)
 *crtbegin.o(.ctors)
 .ctors         0x10000a30        0x4 /opt/devkitpro/devkitPPC/lib/gcc/powerpc-eabi/16.1.0/crtbegin.o
 *crtbegin?.o(.ctors)
 *(SORT_BY_INIT_PRIORITY(.init_array.*) SORT_BY_INIT_PRIORITY(.ctors.*))
 .ctors.65535   0x10000a34        0x4 /opt/devkitpro/devkitPPC/lib/gcc/powerpc-eabi/16.1.0/../../../../powerpc-eabi/lib/libc.a(libc_a-__call_atexit.o)
 *(.init_array EXCLUDE_FILE(*crtend?.o *crtend.o *crtbegin?.o *crtbegin.o) .ctors)
 .ctors         0x10000a38        0x0 /opt/devkitpro/devkitPPC/lib/gcc/powerpc-eabi/16.1.0/ecrti.o
                0x10000a38                __CTOR_LIST__
 .ctors         0x10000a38        0x0 /opt/devkitpro/devkitPPC/lib/gcc/powerpc-eabi/16.1.0/ecrtn.o
                0x10000a38                __CTOR_END__
 *(SORT_BY_NAME(.ctors.*))
 *(.ctors)
 .ctors         0x10000a38        0x4 /opt/devkitpro/devkitPPC/lib/gcc/powerpc-eabi/16.1.0/crtend.o
                [!provide]                        PROVIDE (__init_array_end = .)
                [!provide]                        PROVIDE (__fini_array_start = .)
 *crtbegin.o(.dtors)
 .dtors         0x10000a3c        0x4 /opt/devkitpro/devkitPPC/lib/gcc/powerpc-eabi/16.1.0/crtbegin.o
 *crtbegin?.o(.dtors)
 *(SORT_BY_INIT_PRIORITY(.fini_array.*) SORT_BY_INIT_PRIORITY(.dtors.*))
 *(.fini_array EXCLUDE_FILE(*crtend?.o *crtend.o *crtbegin?.o *crtbegin.o) .dtors)
 .dtors         0x10000a40        0x0 /opt/devkitpro/devkitPPC/lib/gcc/powerpc-eabi/16.1.0/ecrti.o
                0x10000a40                __DTOR_LIST__
 .dtors         0x10000a40        0x0 /opt/devkitpro/devkitPPC/lib/gcc/powerpc-eabi/16.1.0/ecrtn.o
 *(SORT_BY_NAME(.dtors.*))
 *(.dtors)
 .dtors         0x10000a40        0x4 /opt/devkitpro/devkitPPC/lib/gcc/powerpc-eabi/16.1.0/crtend.o
                0x10000a40                __DTOR_END__
                [!provide]                        PROVIDE (__fini_array_end = .)
 *(.jcr)
 *(.fixup)
 *(.got1)
 *(.got2)
 .got2          0x10000a44       0x1c /opt/devkitpro/devkitPPC/lib/gcc/powerpc-eabi/16.1.0/libgcc.a(eabi.o)
 *(.branch_lt)
 .branch_lt     0x10000a60        0x0 /opt/devkitpro/devkitPPC/lib/gcc/powerpc-eabi/16.1.0/crtbegin.o
 *(.got)
 *(.plt)
 *(.tm_clone_table)

.eh_frame       0x10000a60     0x1ab8
 *(.eh_frame_hdr)
 *(.eh_frame_entry .eh_frame_entry.*)
 *(.eh_frame)
 .eh_frame      0x10000a60        0x0 /opt/devkitpro/devkitPPC/lib/gcc/powerpc-eabi/16.1.0/ecrti.o
                0x10000a60                __EH_FRAME_BEGIN__
 .eh_frame      0x10000a60        0x0 /opt/devkitpro/devkitPPC/lib/gcc/powerpc-eabi/16.1.0/crtbegin.o
 .eh_frame      0x10000a60        0x0 /opt/devkitpro/devkitPPC/lib/gcc/powerpc-eabi/16.1.0/crtbegin.o
 .eh_frame      0x10000a60        0x0 config.o
                                0x1d0 (size before relaxing)
 .eh_frame      0x10000a60        0x0 dns.o
                                0x154 (size before relaxing)
 .eh_frame      0x10000a60        0x0 logger.o
                                 0xc8 (size before relaxing)
 .eh_frame      0x10000a60        0x0 main.o
                                0x2d4 (size before relaxing)
 .eh_frame      0x10000a60        0x0 netfilter.o
                                0x264 (size before relaxing)
 .eh_frame      0x10000a60        0x0 ui.o
                                 0x50 (size before relaxing)
 .eh_frame      0x10000a60        0x0 /opt/devkitpro/wups/lib/libwups.a(button_combo.o)
                                0x2d4 (size before relaxing)
 .eh_frame      0x10000a60        0x0 /opt/devkitpro/wups/lib/libwups.a(config_api.o)
                                0x210 (size before relaxing)
 .eh_frame      0x10000a60        0x0 /opt/devkitpro/wups/lib/libwups.a(storage.o)
                                 0xfc (size before relaxing)
 .eh_frame      0x10000a60        0x0 /opt/devkitpro/wups/lib/libwups.a(wups_reent.o)
                                 0xc4 (size before relaxing)
 .eh_frame      0x10000a60       0x5c /opt/devkitpro/wut/lib/libwut.a(wut_crt.o)
 .eh_frame      0x10000abc       0xd4 /opt/devkitpro/wut/lib/libwut.a(wut_newlib.o)
                                0x160 (size before relaxing)
 .eh_frame      0x10000b90       0x60 /opt/devkitpro/wut/lib/libwut.a(wut_reent.o)
                                 0x74 (size before relaxing)
 .eh_frame      0x10000bf0       0x20 /opt/devkitpro/wut/lib/libwut.a(wut_sbrk.o)
                                 0x94 (size before relaxing)
 .eh_frame      0x10000c10       0x70 /opt/devkitpro/wut/lib/libwut.a(wut_thread.o)
                                0x3fc (size before relaxing)
 .eh_frame      0x10000c80       0x28 /opt/devkitpro/wut/lib/libwut.a(wut_thread_specific.o)
                                 0x3c (size before relaxing)
 .eh_frame      0x10000ca8       0xf4 /opt/devkitpro/wut/lib/libwut.a(wut_malloc.o)
                                0x1ec (size before relaxing)
 .eh_frame      0x10000d9c        0x0 /opt/devkitpro/wut/lib/libwut.a(recvfrom.o)
                                 0x58 (size before relaxing)
 .eh_frame      0x10000d9c        0x0 /opt/devkitpro/wut/lib/libwut.a(select.o)
                                0x104 (size before relaxing)
 .eh_frame      0x10000d9c        0x0 /opt/devkitpro/wut/lib/libwut.a(sendto.o)
                                 0x58 (size before relaxing)
 .eh_frame      0x10000d9c        0x0 /opt/devkitpro/wut/lib/libwut.a(socket.o)
                                 0x54 (size before relaxing)
 .eh_frame      0x10000d9c       0x64 /opt/devkitpro/wut/lib/libwut.a(wut_socket_common.o)
                                 0xc4 (size before relaxing)
 .eh_frame      0x10000e00       0x14 /opt/devkitpro/wut/lib/libwut.a(wut_socket_open.o)
                                 0x28 (size before relaxing)
 .eh_frame      0x10000e14       0x24 /opt/devkitpro/wut/lib/libwut.a(wut_socket_read.o)
                                 0x38 (size before relaxing)
 .eh_frame      0x10000e38       0x24 /opt/devkitpro/wut/lib/libwut.a(wut_socket_write.o)
                                 0x38 (size before relaxing)
 .eh_frame      0x10000e5c       0x74 /opt/devkitpro/wut/lib/libwut.a(devoptab_fsa.o)
                                 0x88 (size before relaxing)
 .eh_frame      0x10000ed0       0x48 /opt/devkitpro/wut/lib/libwut.a(devoptab_fsa_dirclose.o)
                                 0x5c (size before relaxing)
 .eh_frame      0x10000f18       0x70 /opt/devkitpro/wut/lib/libwut.a(devoptab_fsa_dirnext.o)
                                 0x84 (size before relaxing)
 .eh_frame      0x10000f88       0x74 /opt/devkitpro/wut/lib/libwut.a(devoptab_fsa_diropen.o)
                                 0x88 (size before relaxing)
 .eh_frame      0x10000ffc       0x48 /opt/devkitpro/wut/lib/libwut.a(devoptab_fsa_dirreset.o)
                                 0x5c (size before relaxing)
 .eh_frame      0x10001044       0x54 /opt/devkitpro/wut/lib/libwut.a(devoptab_fsa_fstat.o)
                                 0x68 (size before relaxing)
 .eh_frame      0x10001098       0x48 /opt/devkitpro/wut/lib/libwut.a(devoptab_fsa_fsync.o)
                                 0x5c (size before relaxing)
 .eh_frame      0x100010e0       0x4c /opt/devkitpro/wut/lib/libwut.a(devoptab_fsa_mkdir.o)
                                 0x60 (size before relaxing)
 .eh_frame      0x1000112c      0x120 /opt/devkitpro/wut/lib/libwut.a(devoptab_fsa_open.o)
                                0x134 (size before relaxing)
 .eh_frame      0x1000124c       0x88 /opt/devkitpro/wut/lib/libwut.a(devoptab_fsa_read.o)
                                 0x9c (size before relaxing)
 .eh_frame      0x100012d4       0x54 /opt/devkitpro/wut/lib/libwut.a(devoptab_fsa_rename.o)
                                 0x68 (size before relaxing)
 .eh_frame      0x10001328       0x44 /opt/devkitpro/wut/lib/libwut.a(devoptab_fsa_rmdir.o)
                                 0x58 (size before relaxing)
 .eh_frame      0x1000136c       0x5c /opt/devkitpro/wut/lib/libwut.a(devoptab_fsa_seek.o)
                                 0x70 (size before relaxing)
 .eh_frame      0x100013c8       0x64 /opt/devkitpro/wut/lib/libwut.a(devoptab_fsa_stat.o)
                                 0x78 (size before relaxing)
 .eh_frame      0x1000142c       0x54 /opt/devkitpro/wut/lib/libwut.a(devoptab_fsa_statvfs.o)
                                 0x68 (size before relaxing)
 .eh_frame      0x10001480       0x50 /opt/devkitpro/wut/lib/libwut.a(devoptab_fsa_truncate.o)
                                 0x64 (size before relaxing)
 .eh_frame      0x100014d0       0x44 /opt/devkitpro/wut/lib/libwut.a(devoptab_fsa_unlink.o)
                                 0x58 (size before relaxing)
 .eh_frame      0x10001514       0xcc /opt/devkitpro/wut/lib/libwut.a(devoptab_fsa_utils.o)
                                 0xe0 (size before relaxing)
 .eh_frame      0x100015e0       0x80 /opt/devkitpro/wut/lib/libwut.a(devoptab_fsa_write.o)
                                 0x94 (size before relaxing)
 .eh_frame      0x10001660        0x0 /opt/devkitpro/wut/lib/libwut.a(wut_clock.o)
                                 0xa0 (size before relaxing)
 .eh_frame      0x10001660        0x0 /opt/devkitpro/wut/lib/libwut.a(wut_gettod_r.o)
                                 0x48 (size before relaxing)
 .eh_frame      0x10001660        0x0 /opt/devkitpro/wut/lib/libwut.a(wut_nanosleep.o)
                                 0x4c (size before relaxing)
 .eh_frame      0x10001660       0x28 /opt/devkitpro/wut/lib/libwut.a(wut_socket_close.o)
                                 0x3c (size before relaxing)
 .eh_frame      0x10001688       0x5c /opt/devkitpro/wut/lib/libwut.a(devoptab_fsa_chdir.o)
                                 0x70 (size before relaxing)
 .eh_frame      0x100016e4       0x4c /opt/devkitpro/wut/lib/libwut.a(devoptab_fsa_chmod.o)
                                 0x60 (size before relaxing)
 .eh_frame      0x10001730       0x48 /opt/devkitpro/wut/lib/libwut.a(devoptab_fsa_close.o)
                                 0x5c (size before relaxing)
 .eh_frame      0x10001778       0x58 /opt/devkitpro/devkitPPC/lib/gcc/powerpc-eabi/16.1.0/libgcc.a(_divdi3.o)
                                 0x6c (size before relaxing)
 .eh_frame      0x100017d0       0x30 /opt/devkitpro/devkitPPC/lib/gcc/powerpc-eabi/16.1.0/libgcc.a(_udivdi3.o)
                                 0x44 (size before relaxing)
 .eh_frame      0x10001800       0x18 /opt/devkitpro/devkitPPC/lib/gcc/powerpc-eabi/16.1.0/../../../../powerpc-eabi/lib/libsysbase.a(libsysbase_libsysbase_a-abort.o)
                                 0x2c (size before relaxing)
 .eh_frame      0x10001818       0x48 /opt/devkitpro/devkitPPC/lib/gcc/powerpc-eabi/16.1.0/../../../../powerpc-eabi/lib/libsysbase.a(libsysbase_libsysbase_a-chdir.o)
                                 0xb4 (size before relaxing)
 .eh_frame      0x10001860       0x8c /opt/devkitpro/devkitPPC/lib/gcc/powerpc-eabi/16.1.0/../../../../powerpc-eabi/lib/libsysbase.a(libsysbase_libsysbase_a-concatenate.o)
                                 0xa0 (size before relaxing)
 .eh_frame      0x100018ec       0x14 /opt/devkitpro/devkitPPC/lib/gcc/powerpc-eabi/16.1.0/../../../../powerpc-eabi/lib/libsysbase.a(libsysbase_libsysbase_a-getreent.o)
                                 0x28 (size before relaxing)
 .eh_frame      0x10001900        0x0 /opt/devkitpro/devkitPPC/lib/gcc/powerpc-eabi/16.1.0/../../../../powerpc-eabi/lib/libsysbase.a(libsysbase_libsysbase_a-handle_manager.o)
                                0x178 (size before relaxing)
 .eh_frame      0x10001900       0xec /opt/devkitpro/devkitPPC/lib/gcc/powerpc-eabi/16.1.0/../../../../powerpc-eabi/lib/libsysbase.a(libsysbase_libsysbase_a-iosupport.o)
                                0x128 (size before relaxing)
 .eh_frame      0x100019ec       0x28 /opt/devkitpro/devkitPPC/lib/gcc/powerpc-eabi/16.1.0/../../../../powerpc-eabi/lib/libsysbase.a(libsysbase_libsysbase_a-syscall_support.o)
                                0x184 (size before relaxing)
 .eh_frame      0x10001a14       0x20 /opt/devkitpro/devkitPPC/lib/gcc/powerpc-eabi/16.1.0/../../../../powerpc-eabi/lib/libsysbase.a(libsysbase_libsysbase_a-_exit.o)
                                 0x34 (size before relaxing)
 .eh_frame      0x10001a34        0x0 /opt/devkitpro/devkitPPC/lib/gcc/powerpc-eabi/16.1.0/../../../../powerpc-eabi/lib/libsysbase.a(libsysbase_libsysbase_a-clocks.o)
                                 0x74 (size before relaxing)
 .eh_frame      0x10001a34        0x0 /opt/devkitpro/devkitPPC/lib/gcc/powerpc-eabi/16.1.0/../../../../powerpc-eabi/lib/libc.a(libc_a-ftell.o)
                                 0x64 (size before relaxing)
 .eh_frame      0x10001a34       0x14 /opt/devkitpro/devkitPPC/lib/gcc/powerpc-eabi/16.1.0/../../../../powerpc-eabi/lib/libc.a(libc_a-memcpy.o)
                                 0x28 (size before relaxing)
 .eh_frame      0x10001a48       0x14 /opt/devkitpro/devkitPPC/lib/gcc/powerpc-eabi/16.1.0/../../../../powerpc-eabi/lib/libc.a(libc_a-strlen.o)
                                 0x28 (size before relaxing)
 .eh_frame      0x10001a5c        0x0 /opt/devkitpro/devkitPPC/lib/gcc/powerpc-eabi/16.1.0/../../../../powerpc-eabi/lib/libc.a(libc_a-fputc.o)
                                 0x80 (size before relaxing)
 .eh_frame      0x10001a5c        0x0 /opt/devkitpro/devkitPPC/lib/gcc/powerpc-eabi/16.1.0/../../../../powerpc-eabi/lib/libc.a(libc_a-fopen.o)
                                 0x80 (size before relaxing)
 .eh_frame      0x10001a5c        0x0 /opt/devkitpro/devkitPPC/lib/gcc/powerpc-eabi/16.1.0/../../../../powerpc-eabi/lib/libc.a(libc_a-sysclose.o)
                                 0x3c (size before relaxing)
 .eh_frame      0x10001a5c        0x0 /opt/devkitpro/devkitPPC/lib/gcc/powerpc-eabi/16.1.0/../../../../powerpc-eabi/lib/libc.a(libc_a-vfprintf.o)
                                0x128 (size before relaxing)
 .eh_frame      0x10001a5c       0x2c /opt/devkitpro/devkitPPC/lib/gcc/powerpc-eabi/16.1.0/../../../../powerpc-eabi/lib/libc.a(libc_a-malign.o)
                                 0x40 (size before relaxing)
 .eh_frame      0x10001a88        0x0 /opt/devkitpro/devkitPPC/lib/gcc/powerpc-eabi/16.1.0/../../../../powerpc-eabi/lib/libc.a(libc_a-strcasecmp.o)
                                 0x28 (size before relaxing)
 .eh_frame      0x10001a88       0x3c /opt/devkitpro/devkitPPC/lib/gcc/powerpc-eabi/16.1.0/../../../../powerpc-eabi/lib/libc.a(libc_a-wcrtomb.o)
                                 0x90 (size before relaxing)
 .eh_frame      0x10001ac4        0x0 /opt/devkitpro/devkitPPC/lib/gcc/powerpc-eabi/16.1.0/../../../../powerpc-eabi/lib/libc.a(libc_a-svfiprintf.o)
                                 0xcc (size before relaxing)
 .eh_frame      0x10001ac4       0x40 /opt/devkitpro/devkitPPC/lib/gcc/powerpc-eabi/16.1.0/../../../../powerpc-eabi/lib/libc.a(libc_a-snprintf.o)
                                 0x84 (size before relaxing)
 .eh_frame      0x10001b04       0x14 /opt/devkitpro/devkitPPC/lib/gcc/powerpc-eabi/16.1.0/../../../../powerpc-eabi/lib/libc.a(libc_a-memchr.o)
                                 0x28 (size before relaxing)
 .eh_frame      0x10001b18       0x5c /opt/devkitpro/devkitPPC/lib/gcc/powerpc-eabi/16.1.0/../../../../powerpc-eabi/lib/libc.a(libc_a-ssprint_r.o)
                                 0x70 (size before relaxing)
 .eh_frame      0x10001b74       0x14 /opt/devkitpro/devkitPPC/lib/gcc/powerpc-eabi/16.1.0/../../../../powerpc-eabi/lib/libc.a(libc_a-strchr.o)
                                 0x28 (size before relaxing)
 .eh_frame      0x10001b88        0x0 /opt/devkitpro/devkitPPC/lib/gcc/powerpc-eabi/16.1.0/../../../../powerpc-eabi/lib/libc.a(libc_a-fgets.o)
                                 0x90 (size before relaxing)
 .eh_frame      0x10001b88       0x20 /opt/devkitpro/devkitPPC/lib/gcc/powerpc-eabi/16.1.0/../../../../powerpc-eabi/lib/libc.a(libc_a-errno.o)
                                 0x34 (size before relaxing)
 .eh_frame      0x10001ba8       0x28 /opt/devkitpro/devkitPPC/lib/gcc/powerpc-eabi/16.1.0/../../../../powerpc-eabi/lib/libc.a(libc_a-locale.o)
                                0x26c (size before relaxing)
 .eh_frame      0x10001bd0       0x14 /opt/devkitpro/devkitPPC/lib/gcc/powerpc-eabi/16.1.0/../../../../powerpc-eabi/lib/libc.a(libc_a-memset.o)
                                 0x28 (size before relaxing)
 .eh_frame      0x10001be4        0x0 /opt/devkitpro/devkitPPC/lib/gcc/powerpc-eabi/16.1.0/../../../../powerpc-eabi/lib/libc.a(libc_a-fflush.o)
                                0x11c (size before relaxing)
 .eh_frame      0x10001be4        0x0 /opt/devkitpro/devkitPPC/lib/gcc/powerpc-eabi/16.1.0/../../../../powerpc-eabi/lib/libc.a(libc_a-sprint_r.o)
                                 0x34 (size before relaxing)
 .eh_frame      0x10001be4        0x0 /opt/devkitpro/devkitPPC/lib/gcc/powerpc-eabi/16.1.0/../../../../powerpc-eabi/lib/libc.a(libc_a-fwrite.o)
                                 0x88 (size before relaxing)
 .eh_frame      0x10001be4        0x0 /opt/devkitpro/devkitPPC/lib/gcc/powerpc-eabi/16.1.0/../../../../powerpc-eabi/lib/libc.a(libc_a-ftello.o)
                                 0xac (size before relaxing)
 .eh_frame      0x10001be4        0x0 /opt/devkitpro/devkitPPC/lib/gcc/powerpc-eabi/16.1.0/../../../../powerpc-eabi/lib/libc.a(libc_a-putc.o)
                                 0x98 (size before relaxing)
 .eh_frame      0x10001be4      0x170 /opt/devkitpro/devkitPPC/lib/gcc/powerpc-eabi/16.1.0/../../../../powerpc-eabi/lib/libc.a(libc_a-dtoa.o)
                                0x184 (size before relaxing)
 .eh_frame      0x10001d54        0x0 /opt/devkitpro/devkitPPC/lib/gcc/powerpc-eabi/16.1.0/../../../../powerpc-eabi/lib/libc.a(libc_a-wbuf.o)
                                 0x70 (size before relaxing)
 .eh_frame      0x10001d54        0x0 /opt/devkitpro/devkitPPC/lib/gcc/powerpc-eabi/16.1.0/../../../../powerpc-eabi/lib/libc.a(libc_a-findfp.o)
                                0x1a0 (size before relaxing)
 .eh_frame      0x10001d54        0x0 /opt/devkitpro/devkitPPC/lib/gcc/powerpc-eabi/16.1.0/../../../../powerpc-eabi/lib/libc.a(libc_a-atoi.o)
                                 0x3c (size before relaxing)
 .eh_frame      0x10001d54        0x0 /opt/devkitpro/devkitPPC/lib/gcc/powerpc-eabi/16.1.0/../../../../powerpc-eabi/lib/libc.a(libc_a-strtol.o)
                                 0xe8 (size before relaxing)
 .eh_frame      0x10001d54        0x0 /opt/devkitpro/devkitPPC/lib/gcc/powerpc-eabi/16.1.0/../../../../powerpc-eabi/lib/libc.a(libc_a-rename.o)
                                 0x40 (size before relaxing)
 .eh_frame      0x10001d54       0x14 /opt/devkitpro/devkitPPC/lib/gcc/powerpc-eabi/16.1.0/../../../../powerpc-eabi/lib/libc.a(libc_a-strncpy.o)
                                 0x28 (size before relaxing)
 .eh_frame      0x10001d68       0x14 /opt/devkitpro/devkitPPC/lib/gcc/powerpc-eabi/16.1.0/../../../../powerpc-eabi/lib/libc.a(libc_a-strcmp.o)
                                 0x28 (size before relaxing)
 .eh_frame      0x10001d7c        0x0 /opt/devkitpro/devkitPPC/lib/gcc/powerpc-eabi/16.1.0/../../../../powerpc-eabi/lib/libc.a(libc_a-fseek.o)
                                 0x58 (size before relaxing)
 .eh_frame      0x10001d7c       0x58 /opt/devkitpro/devkitPPC/lib/gcc/powerpc-eabi/16.1.0/../../../../powerpc-eabi/lib/libc.a(libc_a-malloc.o)
                                 0x6c (size before relaxing)
 .eh_frame      0x10001dd4       0x14 /opt/devkitpro/devkitPPC/lib/gcc/powerpc-eabi/16.1.0/../../../../powerpc-eabi/lib/libc.a(libc_a-wcsrtombs.o)
                                 0x5c (size before relaxing)
 .eh_frame      0x10001de8       0x34 /opt/devkitpro/devkitPPC/lib/gcc/powerpc-eabi/16.1.0/../../../../powerpc-eabi/lib/libc.a(libc_a-strrchr.o)
                                 0x48 (size before relaxing)
 .eh_frame      0x10001e1c        0x0 /opt/devkitpro/devkitPPC/lib/gcc/powerpc-eabi/16.1.0/../../../../powerpc-eabi/lib/libc.a(libc_a-wsetup.o)
                                 0x40 (size before relaxing)
 .eh_frame      0x10001e1c        0x0 /opt/devkitpro/devkitPPC/lib/gcc/powerpc-eabi/16.1.0/../../../../powerpc-eabi/lib/libc.a(libc_a-getenv_r.o)
                                 0x90 (size before relaxing)
 .eh_frame      0x10001e1c       0x28 /opt/devkitpro/devkitPPC/lib/gcc/powerpc-eabi/16.1.0/../../../../powerpc-eabi/lib/libc.a(libc_a-localeconv.o)
                                 0x78 (size before relaxing)
 .eh_frame      0x10001e44        0x0 /opt/devkitpro/devkitPPC/lib/gcc/powerpc-eabi/16.1.0/../../../../powerpc-eabi/lib/libc.a(libc_a-stdio.o)
                                 0xc8 (size before relaxing)
 .eh_frame      0x10001e44       0x14 /opt/devkitpro/devkitPPC/lib/gcc/powerpc-eabi/16.1.0/../../../../powerpc-eabi/lib/libc.a(libc_a-memmove.o)
                                 0x28 (size before relaxing)
 .eh_frame      0x10001e58       0x28 /opt/devkitpro/devkitPPC/lib/gcc/powerpc-eabi/16.1.0/../../../../powerpc-eabi/lib/libc.a(libc_a-strdup.o)
                                 0x3c (size before relaxing)
 .eh_frame      0x10001e80       0x38 /opt/devkitpro/devkitPPC/lib/gcc/powerpc-eabi/16.1.0/../../../../powerpc-eabi/lib/libc.a(libc_a-reent.o)
                                 0x4c (size before relaxing)
 .eh_frame      0x10001eb8        0x0 /opt/devkitpro/devkitPPC/lib/gcc/powerpc-eabi/16.1.0/../../../../powerpc-eabi/lib/libc.a(libc_a-fseeko.o)
                                 0xc8 (size before relaxing)
 .eh_frame      0x10001eb8        0x0 /opt/devkitpro/devkitPPC/lib/gcc/powerpc-eabi/16.1.0/../../../../powerpc-eabi/lib/libc.a(libc_a-fclose.o)
                                 0x84 (size before relaxing)
 .eh_frame      0x10001eb8        0x0 /opt/devkitpro/devkitPPC/lib/gcc/powerpc-eabi/16.1.0/../../../../powerpc-eabi/lib/libc.a(libc_a-fprintf.o)
                                 0x60 (size before relaxing)
 .eh_frame      0x10001eb8       0x20 /opt/devkitpro/devkitPPC/lib/gcc/powerpc-eabi/16.1.0/../../../../powerpc-eabi/lib/libc.a(libc_a-exit.o)
                                 0x34 (size before relaxing)
 .eh_frame      0x10001ed8       0xb8 /opt/devkitpro/devkitPPC/lib/gcc/powerpc-eabi/16.1.0/../../../../powerpc-eabi/lib/libc.a(libc_a-svfprintf.o)
                                 0xcc (size before relaxing)
 .eh_frame      0x10001f90        0x0 /opt/devkitpro/devkitPPC/lib/gcc/powerpc-eabi/16.1.0/../../../../powerpc-eabi/lib/libc.a(libc_a-flags.o)
                                 0x28 (size before relaxing)
 .eh_frame      0x10001f90       0x30 /opt/devkitpro/devkitPPC/lib/gcc/powerpc-eabi/16.1.0/../../../../powerpc-eabi/lib/libc.a(libc_a-ssputs_r.o)
                                 0x44 (size before relaxing)
 .eh_frame      0x10001fc0       0x14 /opt/devkitpro/devkitPPC/lib/gcc/powerpc-eabi/16.1.0/../../../../powerpc-eabi/lib/libc.a(libc_a-wctomb_r.o)
                                 0xb8 (size before relaxing)
 .eh_frame      0x10001fd4       0x14 /opt/devkitpro/devkitPPC/lib/gcc/powerpc-eabi/16.1.0/../../../../powerpc-eabi/lib/libc.a(libc_a-strnlen.o)
                                 0x28 (size before relaxing)
 .eh_frame      0x10001fe8       0x14 /opt/devkitpro/devkitPPC/lib/gcc/powerpc-eabi/16.1.0/../../../../powerpc-eabi/lib/libc.a(libc_a-strncmp.o)
                                 0x28 (size before relaxing)
 .eh_frame      0x10001ffc       0x9c /opt/devkitpro/devkitPPC/lib/gcc/powerpc-eabi/16.1.0/../../../../powerpc-eabi/lib/libc.a(libc_a-wcsnrtombs.o)
                                 0xf4 (size before relaxing)
 .eh_frame      0x10002098        0x0 /opt/devkitpro/devkitPPC/lib/gcc/powerpc-eabi/16.1.0/../../../../powerpc-eabi/lib/libc.a(libc_a-ctype_.o)
                                 0x28 (size before relaxing)
 .eh_frame      0x10002098        0x0 /opt/devkitpro/devkitPPC/lib/gcc/powerpc-eabi/16.1.0/../../../../powerpc-eabi/lib/libc.a(libc_a-refill.o)
                                 0x60 (size before relaxing)
 .eh_frame      0x10002098       0x18 /opt/devkitpro/devkitPPC/lib/gcc/powerpc-eabi/16.1.0/../../../../powerpc-eabi/lib/libc.a(libm_a-s_frexp.o)
                                 0x2c (size before relaxing)
 .eh_frame      0x100020b0        0x0 /opt/devkitpro/devkitPPC/lib/gcc/powerpc-eabi/16.1.0/../../../../powerpc-eabi/lib/libc.a(libc_a-strcat.o)
                                 0x48 (size before relaxing)
 .eh_frame      0x100020b0        0x0 /opt/devkitpro/devkitPPC/lib/gcc/powerpc-eabi/16.1.0/../../../../powerpc-eabi/lib/libc.a(libc_a-envlock.o)
                                 0x3c (size before relaxing)
 .eh_frame      0x100020b0       0x2c /opt/devkitpro/devkitPPC/lib/gcc/powerpc-eabi/16.1.0/../../../../powerpc-eabi/lib/libc.a(libc_a-strdup_r.o)
                                 0x40 (size before relaxing)
 .eh_frame      0x100020dc      0x254 /opt/devkitpro/devkitPPC/lib/gcc/powerpc-eabi/16.1.0/../../../../powerpc-eabi/lib/libc.a(libc_a-mprec.o)
                                0x3a4 (size before relaxing)
 .eh_frame      0x10002330        0x0 /opt/devkitpro/devkitPPC/lib/gcc/powerpc-eabi/16.1.0/../../../../powerpc-eabi/lib/libc.a(libc_a-fwalk.o)
                                 0x48 (size before relaxing)
 .eh_frame      0x10002330        0x0 /opt/devkitpro/devkitPPC/lib/gcc/powerpc-eabi/16.1.0/../../../../powerpc-eabi/lib/libc.a(libc_a-strlcpy.o)
                                 0x28 (size before relaxing)
 .eh_frame      0x10002330        0x0 /opt/devkitpro/devkitPPC/lib/gcc/powerpc-eabi/16.1.0/../../../../powerpc-eabi/lib/libc.a(libc_a-strcpy.o)
                                 0x28 (size before relaxing)
 .eh_frame      0x10002330       0x38 /opt/devkitpro/devkitPPC/lib/gcc/powerpc-eabi/16.1.0/../../../../powerpc-eabi/lib/libc.a(libc_a-mbtowc_r.o)
                                0x1a4 (size before relaxing)
 .eh_frame      0x10002368        0x0 /opt/devkitpro/devkitPPC/lib/gcc/powerpc-eabi/16.1.0/../../../../powerpc-eabi/lib/libc.a(libc_a-strncasecmp.o)
                                 0x28 (size before relaxing)
 .eh_frame      0x10002368        0x0 /opt/devkitpro/devkitPPC/lib/gcc/powerpc-eabi/16.1.0/../../../../powerpc-eabi/lib/libc.a(libc_a-fvwrite.o)
                                 0xf4 (size before relaxing)
 .eh_frame      0x10002368        0x0 /opt/devkitpro/devkitPPC/lib/gcc/powerpc-eabi/16.1.0/../../../../powerpc-eabi/lib/libc.a(libc_a-makebuf.o)
                                 0xac (size before relaxing)
 .eh_frame      0x10002368       0xa4 /opt/devkitpro/devkitPPC/lib/gcc/powerpc-eabi/16.1.0/../../../../powerpc-eabi/lib/libc.a(libc_a-__call_atexit.o)
                                 0xb8 (size before relaxing)
 .eh_frame      0x1000240c       0x14 /opt/devkitpro/devkitPPC/lib/gcc/powerpc-eabi/16.1.0/../../../../powerpc-eabi/lib/libc.a(libc_a-atexit.o)
                                 0x28 (size before relaxing)
 .eh_frame      0x10002420       0x34 /opt/devkitpro/devkitPPC/lib/gcc/powerpc-eabi/16.1.0/../../../../powerpc-eabi/lib/libc.a(libc_a-__atexit.o)
                                 0x48 (size before relaxing)
 .eh_frame      0x10002454       0x18 /opt/devkitpro/devkitPPC/lib/gcc/powerpc-eabi/16.1.0/../../../../powerpc-eabi/lib/libsysbase.a(libsysbase_libsysbase_a-assert.o)
                                 0x2c (size before relaxing)
 .eh_frame      0x1000246c        0x0 /opt/devkitpro/devkitPPC/lib/gcc/powerpc-eabi/16.1.0/../../../../powerpc-eabi/lib/libsysbase.a(libsysbase_libsysbase_a-flock.o)
                                 0x78 (size before relaxing)
 .eh_frame      0x1000246c        0x0 /opt/devkitpro/devkitPPC/lib/gcc/powerpc-eabi/16.1.0/../../../../powerpc-eabi/lib/libsysbase.a(libsysbase_libsysbase_a-fstat.o)
                                 0x54 (size before relaxing)
 .eh_frame      0x1000246c        0x0 /opt/devkitpro/devkitPPC/lib/gcc/powerpc-eabi/16.1.0/../../../../powerpc-eabi/lib/libsysbase.a(libsysbase_libsysbase_a-isatty.o)
                                 0x28 (size before relaxing)
 .eh_frame      0x1000246c        0x0 /opt/devkitpro/devkitPPC/lib/gcc/powerpc-eabi/16.1.0/../../../../powerpc-eabi/lib/libsysbase.a(libsysbase_libsysbase_a-lseek.o)
                                 0x5c (size before relaxing)
 .eh_frame      0x1000246c        0x0 /opt/devkitpro/devkitPPC/lib/gcc/powerpc-eabi/16.1.0/../../../../powerpc-eabi/lib/libsysbase.a(libsysbase_libsysbase_a-open.o)
                                 0x7c (size before relaxing)
 .eh_frame      0x1000246c        0x0 /opt/devkitpro/devkitPPC/lib/gcc/powerpc-eabi/16.1.0/../../../../powerpc-eabi/lib/libsysbase.a(libsysbase_libsysbase_a-read.o)
                                 0x58 (size before relaxing)
 .eh_frame      0x1000246c        0x0 /opt/devkitpro/devkitPPC/lib/gcc/powerpc-eabi/16.1.0/../../../../powerpc-eabi/lib/libsysbase.a(libsysbase_libsysbase_a-rename.o)
                                 0x50 (size before relaxing)
 .eh_frame      0x1000246c        0x0 /opt/devkitpro/devkitPPC/lib/gcc/powerpc-eabi/16.1.0/../../../../powerpc-eabi/lib/libsysbase.a(libsysbase_libsysbase_a-write.o)
                                 0x58 (size before relaxing)
 .eh_frame      0x1000246c       0x2c /opt/devkitpro/devkitPPC/lib/gcc/powerpc-eabi/16.1.0/libgcc.a(_umoddi3.o)
                                 0x40 (size before relaxing)
 .eh_frame      0x10002498       0x7c /opt/devkitpro/devkitPPC/lib/gcc/powerpc-eabi/16.1.0/libgcc.a(crtresxgpr.o)
 .eh_frame      0x10002514        0x0 /opt/devkitpro/devkitPPC/lib/gcc/powerpc-eabi/16.1.0/crtend.o
                                  0x4 (size before relaxing)
 .eh_frame      0x10002514        0x4 /opt/devkitpro/devkitPPC/lib/gcc/powerpc-eabi/16.1.0/ecrtn.o
                0x10002514                __EH_FRAME_END__
 *(.eh_frame.*)

.data           0x10002518      0x970
 *(.data .data.* .gnu.linkonce.d.*)
 .data.__wut_socket_devoptab
                0x10002518       0x80 /opt/devkitpro/wut/lib/libwut.a(wut_socket_common.o)
 .data          0x10002598        0x4 /opt/devkitpro/devkitPPC/lib/gcc/powerpc-eabi/16.1.0/libgcc.a(eabi.o)
 .data._current_working_directory
                0x1000259c      0x400 /opt/devkitpro/devkitPPC/lib/gcc/powerpc-eabi/16.1.0/../../../../powerpc-eabi/lib/libsysbase.a(libsysbase_libsysbase_a-chdir.o)
 .data.devoptab_list
                0x1000299c       0x8c /opt/devkitpro/devkitPPC/lib/gcc/powerpc-eabi/16.1.0/../../../../powerpc-eabi/lib/libsysbase.a(libsysbase_libsysbase_a-iosupport.o)
                0x1000299c                devoptab_list
 .data.defaultDevice
                0x10002a28        0x4 /opt/devkitpro/devkitPPC/lib/gcc/powerpc-eabi/16.1.0/../../../../powerpc-eabi/lib/libsysbase.a(libsysbase_libsysbase_a-iosupport.o)
 *fill*         0x10002a2c        0x4 
 .data._impure_data
                0x10002a30      0x200 /opt/devkitpro/devkitPPC/lib/gcc/powerpc-eabi/16.1.0/../../../../powerpc-eabi/lib/libc.a(libc_a-impure.o)
                0x10002a30                _impure_data
 .data.__global_locale
                0x10002c30      0x254 /opt/devkitpro/devkitPPC/lib/gcc/powerpc-eabi/16.1.0/../../../../powerpc-eabi/lib/libc.a(libc_a-locale.o)
                0x10002c30                __global_locale
 *(.data1)
 *(.sdata .sdata.* .gnu.linkonce.s.*)
 .sdata         0x10002e84        0x0 /opt/devkitpro/devkitPPC/lib/gcc/powerpc-eabi/16.1.0/ecrti.o
                0x10002e84                __SDATA_START__
 .sdata         0x10002e84        0x0 /opt/devkitpro/devkitPPC/lib/gcc/powerpc-eabi/16.1.0/crtbegin.o
                0x1000ae84                _SDA_BASE_
 .sdata         0x10002e84        0x4 /opt/devkitpro/devkitPPC/lib/gcc/powerpc-eabi/16.1.0/../../../../powerpc-eabi/lib/libc.a(libc_a-impure.o)
                0x10002e84                _impure_ptr

.bss            0x10002e90      0xaf8
 *(.dynsbss)
 *(.sbss .sbss.* .gnu.linkonce.sb.*)
 .sbss.__wut_exit
                0x10002e90        0x4 /opt/devkitpro/wut/lib/libwut.a(wut_newlib.o)
                0x10002e90                __wut_exit
 .sbss.__stdio_exit_handler
                0x10002e94        0x4 /opt/devkitpro/devkitPPC/lib/gcc/powerpc-eabi/16.1.0/../../../../powerpc-eabi/lib/libc.a(libc_a-findfp.o)
                0x10002e94                __stdio_exit_handler
 .sbss.__atexit
                0x10002e98        0x4 /opt/devkitpro/devkitPPC/lib/gcc/powerpc-eabi/16.1.0/../../../../powerpc-eabi/lib/libc.a(libc_a-__call_atexit.o)
                0x10002e98                __atexit
 .sbss.__atexit_recursive_mutex
                0x10002e9c        0x8 /opt/devkitpro/devkitPPC/lib/gcc/powerpc-eabi/16.1.0/../../../../powerpc-eabi/lib/libc.a(libc_a-__call_atexit.o)
                0x10002e9c                __atexit_recursive_mutex
 .sbss          0x10002ea4        0x0 /opt/devkitpro/devkitPPC/lib/gcc/powerpc-eabi/16.1.0/ecrtn.o
                0x10002ea4                __SBSS_END__
 *(.scommon)
 *(.dynbss)
 *(.bss .bss.* .gnu.linkonce.b.*)
 .bss.completed.2
                0x10002ea4        0x1 /opt/devkitpro/devkitPPC/lib/gcc/powerpc-eabi/16.1.0/crtbegin.o
 *fill*         0x10002ea5        0x3 
 .bss.dtor_idx.1
                0x10002ea8        0x4 /opt/devkitpro/devkitPPC/lib/gcc/powerpc-eabi/16.1.0/crtbegin.o
 .bss.object.0  0x10002eac       0x18 /opt/devkitpro/devkitPPC/lib/gcc/powerpc-eabi/16.1.0/crtbegin.o
 .bss.sHeapSize
                0x10002ec4        0x4 /opt/devkitpro/wut/lib/libwut.a(wut_sbrk.o)
 .bss.sHeapMaxSize
                0x10002ec8        0x4 /opt/devkitpro/wut/lib/libwut.a(wut_sbrk.o)
 .bss.sHeapBase
                0x10002ecc        0x4 /opt/devkitpro/wut/lib/libwut.a(wut_sbrk.o)
 .bss.sHeapHandle
                0x10002ed0        0x4 /opt/devkitpro/wut/lib/libwut.a(wut_sbrk.o)
 *fill*         0x10002ed4        0xc 
 .bss.sSyncSpinLock
                0x10002ee0       0x10 /opt/devkitpro/wut/lib/libwut.a(wut_thread.o)
 .bss.__wut_fsa_device_data
                0x10002ef0      0x3b8 /opt/devkitpro/wut/lib/libwut.a(devoptab_fsa.o)
                0x10002ef0                __wut_fsa_device_data
 .bss.temp_cwd  0x100032a8      0x400 /opt/devkitpro/devkitPPC/lib/gcc/powerpc-eabi/16.1.0/../../../../powerpc-eabi/lib/libsysbase.a(libsysbase_libsysbase_a-chdir.o)
 .bss.__sf      0x100036a8      0x150 /opt/devkitpro/devkitPPC/lib/gcc/powerpc-eabi/16.1.0/../../../../powerpc-eabi/lib/libc.a(libc_a-findfp.o)
                0x100036a8                __sf
 .bss.__atexit0
                0x100037f8      0x190 /opt/devkitpro/devkitPPC/lib/gcc/powerpc-eabi/16.1.0/../../../../powerpc-eabi/lib/libc.a(libc_a-__atexit.o)
                0x100037f8                __atexit0
 *(COMMON)

.iplt           0x10003990        0x0
 .iplt          0x10003990        0x0 /opt/devkitpro/devkitPPC/lib/gcc/powerpc-eabi/16.1.0/crtbegin.o
                0xc0000000                        . = ORIGIN (loadmem)

.wut_load_bounds
                0xc0000000        0x4
                0xc0000000        0x4 LONG 0x0

.fexports
 *(.fexports)

.dexports
 *(.dexports)

.fimport_avm
 *(.fimport_avm)
 *(.fimport_avm.*)

.fimport_camera
 *(.fimport_camera)
 *(.fimport_camera.*)

.fimport_coreinit
                0xc0000020      0x170
 *(.fimport_coreinit)
 .fimport_coreinit
                0xc0000020       0x18 /opt/devkitpro/wut/lib/libwut.a(coreinit.o)
 *(.fimport_coreinit.*)
 .fimport_coreinit.FSAAddClient
                0xc0000038        0x8 /opt/devkitpro/wut/lib/libwut.a(coreinit.o)
                0xc0000038                FSAAddClient
 .fimport_coreinit.FSAChangeDir
                0xc0000040        0x8 /opt/devkitpro/wut/lib/libwut.a(coreinit.o)
                0xc0000040                FSAChangeDir
 .fimport_coreinit.FSAChangeMode
                0xc0000048        0x8 /opt/devkitpro/wut/lib/libwut.a(coreinit.o)
                0xc0000048                FSAChangeMode
 .fimport_coreinit.FSACloseDir
                0xc0000050        0x8 /opt/devkitpro/wut/lib/libwut.a(coreinit.o)
                0xc0000050                FSACloseDir
 .fimport_coreinit.FSACloseFile
                0xc0000058        0x8 /opt/devkitpro/wut/lib/libwut.a(coreinit.o)
                0xc0000058                FSACloseFile
 .fimport_coreinit.FSADelClient
                0xc0000060        0x8 /opt/devkitpro/wut/lib/libwut.a(coreinit.o)
                0xc0000060                FSADelClient
 .fimport_coreinit.FSAFlushFile
                0xc0000068        0x8 /opt/devkitpro/wut/lib/libwut.a(coreinit.o)
                0xc0000068                FSAFlushFile
 .fimport_coreinit.FSAGetDeviceInfo
                0xc0000070        0x8 /opt/devkitpro/wut/lib/libwut.a(coreinit.o)
                0xc0000070                FSAGetDeviceInfo
 .fimport_coreinit.FSAGetFreeSpaceSize
                0xc0000078        0x8 /opt/devkitpro/wut/lib/libwut.a(coreinit.o)
                0xc0000078                FSAGetFreeSpaceSize
 .fimport_coreinit.FSAGetStat
                0xc0000080        0x8 /opt/devkitpro/wut/lib/libwut.a(coreinit.o)
                0xc0000080                FSAGetStat
 .fimport_coreinit.FSAGetStatFile
                0xc0000088        0x8 /opt/devkitpro/wut/lib/libwut.a(coreinit.o)
                0xc0000088                FSAGetStatFile
 .fimport_coreinit.FSAInit
                0xc0000090        0x8 /opt/devkitpro/wut/lib/libwut.a(coreinit.o)
                0xc0000090                FSAInit
 .fimport_coreinit.FSAMakeDir
                0xc0000098        0x8 /opt/devkitpro/wut/lib/libwut.a(coreinit.o)
                0xc0000098                FSAMakeDir
 .fimport_coreinit.FSAMount
                0xc00000a0        0x8 /opt/devkitpro/wut/lib/libwut.a(coreinit.o)
                0xc00000a0                FSAMount
 .fimport_coreinit.FSAOpenDir
                0xc00000a8        0x8 /opt/devkitpro/wut/lib/libwut.a(coreinit.o)
                0xc00000a8                FSAOpenDir
 .fimport_coreinit.FSAOpenFileEx
                0xc00000b0        0x8 /opt/devkitpro/wut/lib/libwut.a(coreinit.o)
                0xc00000b0                FSAOpenFileEx
 .fimport_coreinit.FSAReadDir
                0xc00000b8        0x8 /opt/devkitpro/wut/lib/libwut.a(coreinit.o)
                0xc00000b8                FSAReadDir
 .fimport_coreinit.FSAReadFile
                0xc00000c0        0x8 /opt/devkitpro/wut/lib/libwut.a(coreinit.o)
                0xc00000c0                FSAReadFile
 .fimport_coreinit.FSARemove
                0xc00000c8        0x8 /opt/devkitpro/wut/lib/libwut.a(coreinit.o)
                0xc00000c8                FSARemove
 .fimport_coreinit.FSARename
                0xc00000d0        0x8 /opt/devkitpro/wut/lib/libwut.a(coreinit.o)
                0xc00000d0                FSARename
 .fimport_coreinit.FSARewindDir
                0xc00000d8        0x8 /opt/devkitpro/wut/lib/libwut.a(coreinit.o)
                0xc00000d8                FSARewindDir
 .fimport_coreinit.FSASetPosFile
                0xc00000e0        0x8 /opt/devkitpro/wut/lib/libwut.a(coreinit.o)
                0xc00000e0                FSASetPosFile
 .fimport_coreinit.FSATruncateFile
                0xc00000e8        0x8 /opt/devkitpro/wut/lib/libwut.a(coreinit.o)
                0xc00000e8                FSATruncateFile
 .fimport_coreinit.FSAUnmount
                0xc00000f0        0x8 /opt/devkitpro/wut/lib/libwut.a(coreinit.o)
                0xc00000f0                FSAUnmount
 .fimport_coreinit.FSAWriteFile
                0xc00000f8        0x8 /opt/devkitpro/wut/lib/libwut.a(coreinit.o)
                0xc00000f8                FSAWriteFile
 .fimport_coreinit.MEMFreeToExpHeap
                0xc0000100        0x8 /opt/devkitpro/wut/lib/libwut.a(coreinit.o)
                0xc0000100                MEMFreeToExpHeap
 .fimport_coreinit.MEMGetSizeForMBlockExpHeap
                0xc0000108        0x8 /opt/devkitpro/wut/lib/libwut.a(coreinit.o)
                0xc0000108                MEMGetSizeForMBlockExpHeap
 .fimport_coreinit.OSFastMutex_Init
                0xc0000110        0x8 /opt/devkitpro/wut/lib/libwut.a(coreinit.o)
                0xc0000110                OSFastMutex_Init
 .fimport_coreinit.OSFastMutex_Lock
                0xc0000118        0x8 /opt/devkitpro/wut/lib/libwut.a(coreinit.o)
                0xc0000118                OSFastMutex_Lock
 .fimport_coreinit.OSFastMutex_Unlock
                0xc0000120        0x8 /opt/devkitpro/wut/lib/libwut.a(coreinit.o)
                0xc0000120                OSFastMutex_Unlock
 .fimport_coreinit.OSFatal
                0xc0000128        0x8 /opt/devkitpro/wut/lib/libwut.a(coreinit.o)
                0xc0000128                OSFatal
 .fimport_coreinit.OSGetCurrentThread
                0xc0000130        0x8 /opt/devkitpro/wut/lib/libwut.a(coreinit.o)
                0xc0000130                OSGetCurrentThread
 .fimport_coreinit.OSGetThreadSpecific
                0xc0000138        0x8 /opt/devkitpro/wut/lib/libwut.a(coreinit.o)
                0xc0000138                OSGetThreadSpecific
 .fimport_coreinit.OSInitMutexEx
                0xc0000140        0x8 /opt/devkitpro/wut/lib/libwut.a(coreinit.o)
                0xc0000140                OSInitMutexEx
 .fimport_coreinit.OSIsDebuggerPresent
                0xc0000148        0x8 /opt/devkitpro/wut/lib/libwut.a(coreinit.o)
                0xc0000148                OSIsDebuggerPresent
 .fimport_coreinit.OSLockMutex
                0xc0000150        0x8 /opt/devkitpro/wut/lib/libwut.a(coreinit.o)
                0xc0000150                OSLockMutex
 .fimport_coreinit.OSSetThreadCleanupCallback
                0xc0000158        0x8 /opt/devkitpro/wut/lib/libwut.a(coreinit.o)
                0xc0000158                OSSetThreadCleanupCallback
 .fimport_coreinit.OSSetThreadSpecific
                0xc0000160        0x8 /opt/devkitpro/wut/lib/libwut.a(coreinit.o)
                0xc0000160                OSSetThreadSpecific
 .fimport_coreinit.OSUninterruptibleSpinLock_Acquire
                0xc0000168        0x8 /opt/devkitpro/wut/lib/libwut.a(coreinit.o)
                0xc0000168                OSUninterruptibleSpinLock_Acquire
 .fimport_coreinit.OSUninterruptibleSpinLock_Release
                0xc0000170        0x8 /opt/devkitpro/wut/lib/libwut.a(coreinit.o)
                0xc0000170                OSUninterruptibleSpinLock_Release
 .fimport_coreinit.OSUnlockMutex
                0xc0000178        0x8 /opt/devkitpro/wut/lib/libwut.a(coreinit.o)
                0xc0000178                OSUnlockMutex
 .fimport_coreinit.__os_snprintf
                0xc0000180        0x8 /opt/devkitpro/wut/lib/libwut.a(coreinit.o)
                0xc0000180                __os_snprintf
 .fimport_coreinit.__rplwrap_exit
                0xc0000188        0x8 /opt/devkitpro/wut/lib/libwut.a(coreinit.o)
                0xc0000188                __rplwrap_exit

.fimport_dc
 *(.fimport_dc)
 *(.fimport_dc.*)

.fimport_dmae
 *(.fimport_dmae)
 *(.fimport_dmae.*)

.fimport_drmapp
 *(.fimport_drmapp)
 *(.fimport_drmapp.*)

.fimport_erreula
 *(.fimport_erreula)
 *(.fimport_erreula.*)

.fimport_gx2
 *(.fimport_gx2)
 *(.fimport_gx2.*)

.fimport_h264
 *(.fimport_h264)
 *(.fimport_h264.*)

.fimport_lzma920
 *(.fimport_lzma920)
 *(.fimport_lzma920.*)

.fimport_mic
 *(.fimport_mic)
 *(.fimport_mic.*)

.fimport_nfc
 *(.fimport_nfc)
 *(.fimport_nfc.*)

.fimport_nio_prof
 *(.fimport_nio_prof)
 *(.fimport_nio_prof.*)

.fimport_nlibcurl
 *(.fimport_nlibcurl)
 *(.fimport_nlibcurl.*)

.fimport_nlibnss2
 *(.fimport_nlibnss2)
 *(.fimport_nlibnss2.*)

.fimport_nlibnss
 *(.fimport_nlibnss)
 *(.fimport_nlibnss.*)

.fimport_nn_ac  0xc0000190       0x30
 *(.fimport_nn_ac)
 .fimport_nn_ac
                0xc0000190       0x10 /opt/devkitpro/wut/lib/libwut.a(nn_ac.o)
 *(.fimport_nn_ac.*)
 .fimport_nn_ac.ACClose
                0xc00001a0        0x8 /opt/devkitpro/wut/lib/libwut.a(nn_ac.o)
                0xc00001a0                ACClose
 .fimport_nn_ac.ACConnectAsync
                0xc00001a8        0x8 /opt/devkitpro/wut/lib/libwut.a(nn_ac.o)
                0xc00001a8                ACConnectAsync
 .fimport_nn_ac.ACFinalize
                0xc00001b0        0x8 /opt/devkitpro/wut/lib/libwut.a(nn_ac.o)
                0xc00001b0                ACFinalize
 .fimport_nn_ac.ACInitialize
                0xc00001b8        0x8 /opt/devkitpro/wut/lib/libwut.a(nn_ac.o)
                0xc00001b8                ACInitialize

.fimport_nn_acp
 *(.fimport_nn_acp)
 *(.fimport_nn_acp.*)

.fimport_nn_act
 *(.fimport_nn_act)
 *(.fimport_nn_act.*)

.fimport_nn_aoc
 *(.fimport_nn_aoc)
 *(.fimport_nn_aoc.*)

.fimport_nn_boss
 *(.fimport_nn_boss)
 *(.fimport_nn_boss.*)

.fimport_nn_ccr
 *(.fimport_nn_ccr)
 *(.fimport_nn_ccr.*)

.fimport_nn_cmpt
 *(.fimport_nn_cmpt)
 *(.fimport_nn_cmpt.*)

.fimport_nn_dlp
 *(.fimport_nn_dlp)
 *(.fimport_nn_dlp.*)

.fimport_nn_ec
 *(.fimport_nn_ec)
 *(.fimport_nn_ec.*)

.fimport_nn_fp
 *(.fimport_nn_fp)
 *(.fimport_nn_fp.*)

.fimport_nn_hai
 *(.fimport_nn_hai)
 *(.fimport_nn_hai.*)

.fimport_nn_hpad
 *(.fimport_nn_hpad)
 *(.fimport_nn_hpad.*)

.fimport_nn_idbe
 *(.fimport_nn_idbe)
 *(.fimport_nn_idbe.*)

.fimport_nn_ndm
 *(.fimport_nn_ndm)
 *(.fimport_nn_ndm.*)

.fimport_nn_nets2
 *(.fimport_nn_nets2)
 *(.fimport_nn_nets2.*)

.fimport_nn_nfp
 *(.fimport_nn_nfp)
 *(.fimport_nn_nfp.*)

.fimport_nn_nim
 *(.fimport_nn_nim)
 *(.fimport_nn_nim.*)

.fimport_nn_olv
 *(.fimport_nn_olv)
 *(.fimport_nn_olv.*)

.fimport_nn_pdm
 *(.fimport_nn_pdm)
 *(.fimport_nn_pdm.*)

.fimport_nn_save
 *(.fimport_nn_save)
 *(.fimport_nn_save.*)

.fimport_nn_sl
 *(.fimport_nn_sl)
 *(.fimport_nn_sl.*)

.fimport_nn_spm
 *(.fimport_nn_spm)
 *(.fimport_nn_spm.*)

.fimport_nn_temp
 *(.fimport_nn_temp)
 *(.fimport_nn_temp.*)

.fimport_nn_uds
 *(.fimport_nn_uds)
 *(.fimport_nn_uds.*)

.fimport_nn_vctl
 *(.fimport_nn_vctl)
 *(.fimport_nn_vctl.*)

.fimport_nsysccr
 *(.fimport_nsysccr)
 *(.fimport_nsysccr.*)

.fimport_nsyshid
 *(.fimport_nsyshid)
 *(.fimport_nsyshid.*)

.fimport_nsyskbd
 *(.fimport_nsyskbd)
 *(.fimport_nsyskbd.*)

.fimport_nsysnet
                0xc00001c0       0x48
 *(.fimport_nsysnet)
 .fimport_nsysnet
                0xc00001c0       0x10 /opt/devkitpro/wut/lib/libwut.a(nsysnet.o)
 *(.fimport_nsysnet.*)
 .fimport_nsysnet.set_multicast_state
                0xc00001d0        0x8 /opt/devkitpro/wut/lib/libwut.a(nsysnet.o)
                0xc00001d0                set_multicast_state
 .fimport_nsysnet.socket_lib_finish
                0xc00001d8        0x8 /opt/devkitpro/wut/lib/libwut.a(nsysnet.o)
                0xc00001d8                socket_lib_finish
 .fimport_nsysnet.socket_lib_init
                0xc00001e0        0x8 /opt/devkitpro/wut/lib/libwut.a(nsysnet.o)
                0xc00001e0                socket_lib_init
 .fimport_nsysnet.__rplwrap_recv
                0xc00001e8        0x8 /opt/devkitpro/wut/lib/libwut.a(nsysnet.o)
                0xc00001e8                __rplwrap_recv
 .fimport_nsysnet.__rplwrap_send
                0xc00001f0        0x8 /opt/devkitpro/wut/lib/libwut.a(nsysnet.o)
                0xc00001f0                __rplwrap_send
 .fimport_nsysnet.__rplwrap_socketclose
                0xc00001f8        0x8 /opt/devkitpro/wut/lib/libwut.a(nsysnet.o)
                0xc00001f8                __rplwrap_socketclose
 .fimport_nsysnet.__rplwrap_socketlasterr
                0xc0000200        0x8 /opt/devkitpro/wut/lib/libwut.a(nsysnet.o)
                0xc0000200                __rplwrap_socketlasterr

.fimport_nsysuhs
 *(.fimport_nsysuhs)
 *(.fimport_nsysuhs.*)

.fimport_nsysuvd
 *(.fimport_nsysuvd)
 *(.fimport_nsysuvd.*)

.fimport_ntag
 *(.fimport_ntag)
 *(.fimport_ntag.*)

.fimport_padscore
 *(.fimport_padscore)
 *(.fimport_padscore.*)

.fimport_proc_ui
 *(.fimport_proc_ui)
 *(.fimport_proc_ui.*)

.fimport_sndcore2
 *(.fimport_sndcore2)
 *(.fimport_sndcore2.*)

.fimport_snd_core
 *(.fimport_snd_core)
 *(.fimport_snd_core.*)

.fimport_snduser2
 *(.fimport_snduser2)
 *(.fimport_snduser2.*)

.fimport_snd_user
 *(.fimport_snd_user)
 *(.fimport_snd_user.*)

.fimport_swkbd
 *(.fimport_swkbd)
 *(.fimport_swkbd.*)

.fimport_sysapp
 *(.fimport_sysapp)
 *(.fimport_sysapp.*)

.fimport_tcl
 *(.fimport_tcl)
 *(.fimport_tcl.*)

.fimport_tve
 *(.fimport_tve)
 *(.fimport_tve.*)

.fimport_uac
 *(.fimport_uac)
 *(.fimport_uac.*)

.fimport_uac_rpl
 *(.fimport_uac_rpl)
 *(.fimport_uac_rpl.*)

.fimport_usb_mic
 *(.fimport_usb_mic)
 *(.fimport_usb_mic.*)

.fimport_uvc
 *(.fimport_uvc)
 *(.fimport_uvc.*)

.fimport_uvd
 *(.fimport_uvd)
 *(.fimport_uvd.*)

.fimport_vpadbase
 *(.fimport_vpadbase)
 *(.fimport_vpadbase.*)

.fimport_vpad
 *(.fimport_vpad)
 *(.fimport_vpad.*)

.dimport_coreinit
                0xc0000210       0x30
 *(.dimport_coreinit)
 .dimport_coreinit
                0xc0000210       0x18 /opt/devkitpro/wut/lib/libwut.a(coreinit.o)
 *(.dimport_coreinit.*)
 .dimport_coreinit.MEMAllocFromDefaultHeap
                0xc0000228        0x8 /opt/devkitpro/wut/lib/libwut.a(coreinit.o)
                0xc0000228                MEMAllocFromDefaultHeap
 .dimport_coreinit.MEMAllocFromDefaultHeapEx
                0xc0000230        0x8 /opt/devkitpro/wut/lib/libwut.a(coreinit.o)
                0xc0000230                MEMAllocFromDefaultHeapEx
 .dimport_coreinit.MEMFreeToDefaultHeap
                0xc0000238        0x8 /opt/devkitpro/wut/lib/libwut.a(coreinit.o)
                0xc0000238                MEMFreeToDefaultHeap

.rela.dyn       0xc0000240        0x0
 .rela.iplt     0xc0000240        0x0 /opt/devkitpro/devkitPPC/lib/gcc/powerpc-eabi/16.1.0/crtbegin.o
 .rela.text.__do_global_dtors_aux
                0xc0000240        0x0 /opt/devkitpro/devkitPPC/lib/gcc/powerpc-eabi/16.1.0/crtbegin.o
 .rela.text.frame_dummy
                0xc0000240        0x0 /opt/devkitpro/devkitPPC/lib/gcc/powerpc-eabi/16.1.0/crtbegin.o

.dimport_nn_act
 *(.dimport_nn_act)
 *(.dimport_nn_act.*)

.dimport_nn_boss
 *(.dimport_nn_boss)
 *(.dimport_nn_boss.*)

.dimport_nn_ec
 *(.dimport_nn_ec)
 *(.dimport_nn_ec.*)

.dimport_nn_nim
 *(.dimport_nn_nim)
 *(.dimport_nn_nim.*)

.dimport_nn_sl
 *(.dimport_nn_sl)
 *(.dimport_nn_sl.*)

.dimport_nn_uds
 *(.dimport_nn_uds)
 *(.dimport_nn_uds.*)

/DISCARD/
 *(.abs)
 *(.comment)
 *(.gnu.attributes)
 *(.gnu.version)
 *(.gnu.version_d)
 *(.gnu.version_r)
LOAD /opt/devkitpro/devkitPPC/lib/gcc/powerpc-eabi/16.1.0/ecrti.o
LOAD /opt/devkitpro/devkitPPC/lib/gcc/powerpc-eabi/16.1.0/crtbegin.o
LOAD config.o
LOAD dns.o
LOAD logger.o
LOAD main.o
LOAD netfilter.o
LOAD ui.o
LOAD /opt/devkitpro/wups/lib/libwups.a
LOAD /opt/devkitpro/wut/lib/libwut.a
LOAD /opt/devkitpro/devkitPPC/lib/gcc/powerpc-eabi/16.1.0/libgcc.a
START GROUP
LOAD /opt/devkitpro/devkitPPC/lib/gcc/powerpc-eabi/16.1.0/../../../../powerpc-eabi/lib/libsysbase.a
LOAD /opt/devkitpro/devkitPPC/lib/gcc/powerpc-eabi/16.1.0/../../../../powerpc-eabi/lib/libc.a
END GROUP
LOAD /opt/devkitpro/devkitPPC/lib/gcc/powerpc-eabi/16.1.0/libgcc.a
LOAD /opt/devkitpro/devkitPPC/lib/gcc/powerpc-eabi/16.1.0/crtend.o
LOAD /opt/devkitpro/devkitPPC/lib/gcc/powerpc-eabi/16.1.0/ecrtn.o
OUTPUT(/Users/ppouwx/Documents/porn/poc/wiiu-bypass/wiiu-bypass.elf elf32-powerpc)

.debug_info     0x00000000    0x5ffdd
 .debug_info    0x00000000     0x1455 config.o
 .debug_info    0x00001455     0x12a8 dns.o
 .debug_info    0x000026fd     0x18ae logger.o
 .debug_info    0x00003fab     0x225c main.o
 .debug_info    0x00006207     0x13f8 netfilter.o
 .debug_info    0x000075ff      0x257 ui.o
 .debug_info    0x00007856     0x3afe /opt/devkitpro/wups/lib/libwups.a(button_combo.o)
 .debug_info    0x0000b354     0x471a /opt/devkitpro/wups/lib/libwups.a(config_api.o)
 .debug_info    0x0000fa6e     0x28ab /opt/devkitpro/wups/lib/libwups.a(storage.o)
 .debug_info    0x00012319     0x3341 /opt/devkitpro/wups/lib/libwups.a(wups_reent.o)
 .debug_info    0x0001565a       0x24 /opt/devkitpro/wut/lib/libwut.a(crt0_rpl.o)
 .debug_info    0x0001567e       0xfd /opt/devkitpro/wut/lib/libwut.a(wut_crt.o)
 .debug_info    0x0001577b      0xf42 /opt/devkitpro/wut/lib/libwut.a(wut_newlib.o)
 .debug_info    0x000166bd     0x14e7 /opt/devkitpro/wut/lib/libwut.a(wut_reent.o)
 .debug_info    0x00017ba4      0xb66 /opt/devkitpro/wut/lib/libwut.a(wut_sbrk.o)
 .debug_info    0x0001870a     0x27e9 /opt/devkitpro/wut/lib/libwut.a(wut_thread.o)
 .debug_info    0x0001aef3      0x1fd /opt/devkitpro/wut/lib/libwut.a(wut_thread_specific.o)
 .debug_info    0x0001b0f0      0xdec /opt/devkitpro/wut/lib/libwut.a(wut_malloc.o)
 .debug_info    0x0001bedc      0x962 /opt/devkitpro/wut/lib/libwut.a(recvfrom.o)
 .debug_info    0x0001c83e      0xbf8 /opt/devkitpro/wut/lib/libwut.a(select.o)
 .debug_info    0x0001d436      0x968 /opt/devkitpro/wut/lib/libwut.a(sendto.o)
 .debug_info    0x0001dd9e      0x94d /opt/devkitpro/wut/lib/libwut.a(socket.o)
 .debug_info    0x0001e6eb     0x137b /opt/devkitpro/wut/lib/libwut.a(wut_socket_common.o)
 .debug_info    0x0001fa66      0x7e8 /opt/devkitpro/wut/lib/libwut.a(wut_socket_open.o)
 .debug_info    0x0002024e      0x8a0 /opt/devkitpro/wut/lib/libwut.a(wut_socket_read.o)
 .debug_info    0x00020aee      0x8a6 /opt/devkitpro/wut/lib/libwut.a(wut_socket_write.o)
 .debug_info    0x00021394     0x4391 /opt/devkitpro/wut/lib/libwut.a(devoptab_fsa.o)
 .debug_info    0x00025725     0x32f1 /opt/devkitpro/wut/lib/libwut.a(devoptab_fsa_dirclose.o)
 .debug_info    0x00028a16     0x352d /opt/devkitpro/wut/lib/libwut.a(devoptab_fsa_dirnext.o)
 .debug_info    0x0002bf43     0x34d8 /opt/devkitpro/wut/lib/libwut.a(devoptab_fsa_diropen.o)
 .debug_info    0x0002f41b     0x32f1 /opt/devkitpro/wut/lib/libwut.a(devoptab_fsa_dirreset.o)
 .debug_info    0x0003270c     0x3370 /opt/devkitpro/wut/lib/libwut.a(devoptab_fsa_fstat.o)
 .debug_info    0x00035a7c     0x3139 /opt/devkitpro/wut/lib/libwut.a(devoptab_fsa_fsync.o)
 .debug_info    0x00038bb5     0x1cba /opt/devkitpro/wut/lib/libwut.a(devoptab_fsa_mkdir.o)
 .debug_info    0x0003a86f     0x36a3 /opt/devkitpro/wut/lib/libwut.a(devoptab_fsa_open.o)
 .debug_info    0x0003df12     0x3263 /opt/devkitpro/wut/lib/libwut.a(devoptab_fsa_read.o)
 .debug_info    0x00041175     0x1c63 /opt/devkitpro/wut/lib/libwut.a(devoptab_fsa_rename.o)
 .debug_info    0x00042dd8     0x1bdf /opt/devkitpro/wut/lib/libwut.a(devoptab_fsa_rmdir.o)
 .debug_info    0x000449b7     0x3351 /opt/devkitpro/wut/lib/libwut.a(devoptab_fsa_seek.o)
 .debug_info    0x00047d08     0x1e28 /opt/devkitpro/wut/lib/libwut.a(devoptab_fsa_stat.o)
 .debug_info    0x00049b30     0x1c63 /opt/devkitpro/wut/lib/libwut.a(devoptab_fsa_statvfs.o)
 .debug_info    0x0004b793     0x3181 /opt/devkitpro/wut/lib/libwut.a(devoptab_fsa_truncate.o)
 .debug_info    0x0004e914     0x1bdf /opt/devkitpro/wut/lib/libwut.a(devoptab_fsa_unlink.o)
 .debug_info    0x000504f3     0x21f9 /opt/devkitpro/wut/lib/libwut.a(devoptab_fsa_utils.o)
 .debug_info    0x000526ec     0x3256 /opt/devkitpro/wut/lib/libwut.a(devoptab_fsa_write.o)
 .debug_info    0x00055942      0x33f /opt/devkitpro/wut/lib/libwut.a(wut_clock.o)
 .debug_info    0x00055c81      0x960 /opt/devkitpro/wut/lib/libwut.a(wut_gettod_r.o)
 .debug_info    0x000565e1      0x218 /opt/devkitpro/wut/lib/libwut.a(wut_nanosleep.o)
 .debug_info    0x000567f9      0x83b /opt/devkitpro/wut/lib/libwut.a(wut_socket_close.o)
 .debug_info    0x00057034     0x1c56 /opt/devkitpro/wut/lib/libwut.a(devoptab_fsa_chdir.o)
 .debug_info    0x00058c8a     0x2d89 /opt/devkitpro/wut/lib/libwut.a(devoptab_fsa_chmod.o)
 .debug_info    0x0005ba13     0x3139 /opt/devkitpro/wut/lib/libwut.a(devoptab_fsa_close.o)
 .debug_info    0x0005eb4c      0x695 /opt/devkitpro/devkitPPC/lib/gcc/powerpc-eabi/16.1.0/libgcc.a(_divdi3.o)
 .debug_info    0x0005f1e1      0x65b /opt/devkitpro/devkitPPC/lib/gcc/powerpc-eabi/16.1.0/libgcc.a(_udivdi3.o)
 .debug_info    0x0005f83c       0x31 /opt/devkitpro/devkitPPC/lib/gcc/powerpc-eabi/16.1.0/libgcc.a(eabi.o)
 .debug_info    0x0005f86d      0x672 /opt/devkitpro/devkitPPC/lib/gcc/powerpc-eabi/16.1.0/libgcc.a(_umoddi3.o)
 .debug_info    0x0005fedf       0xfe /opt/devkitpro/devkitPPC/lib/gcc/powerpc-eabi/16.1.0/libgcc.a(crtresxgpr.o)

.debug_abbrev   0x00000000     0xd166
 .debug_abbrev  0x00000000      0x36f config.o
 .debug_abbrev  0x0000036f      0x3ed dns.o
 .debug_abbrev  0x0000075c      0x3f2 logger.o
 .debug_abbrev  0x00000b4e      0x331 main.o
 .debug_abbrev  0x00000e7f      0x4dc netfilter.o
 .debug_abbrev  0x0000135b      0x11c ui.o
 .debug_abbrev  0x00001477      0x5df /opt/devkitpro/wups/lib/libwups.a(button_combo.o)
 .debug_abbrev  0x00001a56      0x7b1 /opt/devkitpro/wups/lib/libwups.a(config_api.o)
 .debug_abbrev  0x00002207      0x559 /opt/devkitpro/wups/lib/libwups.a(storage.o)
 .debug_abbrev  0x00002760      0x6eb /opt/devkitpro/wups/lib/libwups.a(wups_reent.o)
 .debug_abbrev  0x00002e4b       0x14 /opt/devkitpro/wut/lib/libwut.a(crt0_rpl.o)
 .debug_abbrev  0x00002e5f       0x8e /opt/devkitpro/wut/lib/libwut.a(wut_crt.o)
 .debug_abbrev  0x00002eed      0x30d /opt/devkitpro/wut/lib/libwut.a(wut_newlib.o)
 .debug_abbrev  0x000031fa      0x331 /opt/devkitpro/wut/lib/libwut.a(wut_reent.o)
 .debug_abbrev  0x0000352b      0x299 /opt/devkitpro/wut/lib/libwut.a(wut_sbrk.o)
 .debug_abbrev  0x000037c4      0x550 /opt/devkitpro/wut/lib/libwut.a(wut_thread.o)
 .debug_abbrev  0x00003d14      0x110 /opt/devkitpro/wut/lib/libwut.a(wut_thread_specific.o)
 .debug_abbrev  0x00003e24      0x2f9 /opt/devkitpro/wut/lib/libwut.a(wut_malloc.o)